../Core/Src/z_displ_ST7735.c:162:6:ST7735_Reset	8	static
../Core/Src/z_displ_ST7735.c:182:6:Displ_Transmit	32	static,ignoring_inline_asm
../Core/Src/z_displ_ST7735.c:230:6:Displ_WriteCommand	16	static
../Core/Src/z_displ_ST7735.c:248:6:Displ_WriteData	24	static
../Core/Src/z_displ_ST7735.c:257:6:ST7735_InitCmds	24	static
../Core/Src/z_displ_ST7735.c:287:6:ST7735_SetAddressWindow	32	static
../Core/Src/z_displ_ST7735.c:307:6:ST7735_SetRotation	24	static
../Core/Src/z_displ_ST7735.c:366:6:ST7735_Init	16	static
../Core/Src/z_displ_ST7735.c:397:6:ST7735_DrawImage	24	static
../Core/Src/z_displ_ST7735.c:410:6:Displ_DrawImage	32	static
../Core/Src/z_displ_ST7735.c:457:6:ST7735_InvertColors	16	static
../Core/Src/z_displ_ST7735.c:475:6:Displ_FillArea	48	static
../Core/Src/z_displ_ST7735.c:523:6:Displ_Pixel	24	static
../Core/Src/z_displ_ST7735.c:538:6:Displ_Border	32	static
../Core/Src/z_displ_ST7735.c:550:6:Displ_Line	56	static
../Core/Src/z_displ_ST7735.c:628:6:Displ_WChar	64	static
../Core/Src/z_displ_ST7735.c:702:6:Displ_WString	64	static
../Core/Src/z_displ_ST7735.c:744:6:Displ_CString	56	static
../Core/Src/z_displ_ST7735.c:787:6:Displ_Init	16	static
../Core/Src/z_displ_ST7735.c:796:6:Displ_Orientation	16	static
../Core/Src/z_displ_ST7735.c:805:6:Displ_CLS	24	static
../Core/Src/z_displ_ST7735.c:811:6:HAL_SPI_ErrorCallback	16	static,ignoring_inline_asm
../Core/Src/z_displ_ST7735.c:822:6:HAL_SPI_TxCpltCallback	16	static
../Core/Src/z_displ_ST7735.c:842:6:drawCircleHelper	40	static
../Core/Src/z_displ_ST7735.c:882:6:fillCircleHelper	48	static
../Core/Src/z_displ_ST7735.c:926:6:Displ_drawRoundRect	40	static
../Core/Src/z_displ_ST7735.c:950:6:Displ_fillRoundRect	40	static
../Core/Src/z_displ_ST7735.c:967:6:Displ_fillTriangle	80	static
../Core/Src/z_displ_ST7735.c:1051:6:Displ_drawTriangle	32	static
../Core/Src/z_displ_ST7735.c:1062:6:Displ_fillCircle	32	static
../Core/Src/z_displ_ST7735.c:1071:6:Displ_drawCircle	40	static
../Core/Src/z_displ_ST7735.c:1130:11:Displ_BackLight	16	static
../Core/Src/z_displ_ST7735.c:1200:5:touchgfxDisplayDriverTransmitActive	4	static
../Core/Src/z_displ_ST7735.c:1214:6:touchgfxDisplayDriverTransmitBlock	32	static
