../Core/Src/z_displ_ST7735_test.c:24:6:testLines	56	static
../Core/Src/z_displ_ST7735_test.c:71:6:testFastLines	40	static
../Core/Src/z_displ_ST7735_test.c:87:6:testRects	56	static
../Core/Src/z_displ_ST7735_test.c:105:6:testFilledRects	56	static
../Core/Src/z_displ_ST7735_test.c:127:6:testFilledCircles	40	static
../Core/Src/z_displ_ST7735_test.c:144:6:testCircles	40	static
../Core/Src/z_displ_ST7735_test.c:164:6:testTriangles	56	static
../Core/Src/z_displ_ST7735_test.c:184:6:testFilledTriangles	56	static
../Core/Src/z_displ_ST7735_test.c:202:6:testRoundRects	56	static
../Core/Src/z_displ_ST7735_test.c:222:6:testFilledRoundRects	48	static
../Core/Src/z_displ_ST7735_test.c:241:6:TestChar	64	static
../Core/Src/z_displ_ST7735_test.c:262:6:wait	32	static
../Core/Src/z_displ_ST7735_test.c:278:6:TestFillScreen	16	static
../Core/Src/z_displ_ST7735_test.c:301:6:TestHVLine	32	static
../Core/Src/z_displ_ST7735_test.c:324:6:Displ_Page	80	static
../Core/Src/z_displ_ST7735_test.c:338:6:testFillScreen	8	static
../Core/Src/z_displ_ST7735_test.c:352:6:Displ_ColorTest	88	static,ignoring_inline_asm
../Core/Src/z_displ_ST7735_test.c:385:6:Displ_TestAll	8	static
../Core/Src/z_displ_ST7735_test.c:403:6:Displ_PerfTest	128	static
