Archive member included to satisfy reference by file (symbol)

C:/ST/STM32CubeIDE_1.17.0/STM32CubeIDE/plugins/com.st.stm32cube.ide.mcu.externaltools.gnu-tools-for-stm32.12.3.rel1.win32_1.1.0.202410251130/tools/bin/../lib/gcc/arm-none-eabi/12.3.1/../../../../arm-none-eabi/lib/thumb/v7e-m+fp/hard\libc_nano.a(libc_a-exit.o)
                              C:/ST/STM32CubeIDE_1.17.0/STM32CubeIDE/plugins/com.st.stm32cube.ide.mcu.externaltools.gnu-tools-for-stm32.12.3.rel1.win32_1.1.0.202410251130/tools/bin/../lib/gcc/arm-none-eabi/12.3.1/../../../../arm-none-eabi/lib/thumb/v7e-m+fp/hard/crt0.o (exit)
C:/ST/STM32CubeIDE_1.17.0/STM32CubeIDE/plugins/com.st.stm32cube.ide.mcu.externaltools.gnu-tools-for-stm32.12.3.rel1.win32_1.1.0.202410251130/tools/bin/../lib/gcc/arm-none-eabi/12.3.1/../../../../arm-none-eabi/lib/thumb/v7e-m+fp/hard\libc_nano.a(libc_a-rand.o)
                              ./Core/Src/z_displ_ST7735_test.o (rand)
C:/ST/STM32CubeIDE_1.17.0/STM32CubeIDE/plugins/com.st.stm32cube.ide.mcu.externaltools.gnu-tools-for-stm32.12.3.rel1.win32_1.1.0.202410251130/tools/bin/../lib/gcc/arm-none-eabi/12.3.1/../../../../arm-none-eabi/lib/thumb/v7e-m+fp/hard\libc_nano.a(libc_a-findfp.o)
                              C:/ST/STM32CubeIDE_1.17.0/STM32CubeIDE/plugins/com.st.stm32cube.ide.mcu.externaltools.gnu-tools-for-stm32.12.3.rel1.win32_1.1.0.202410251130/tools/bin/../lib/gcc/arm-none-eabi/12.3.1/../../../../arm-none-eabi/lib/thumb/v7e-m+fp/hard\libc_nano.a(libc_a-exit.o) (__stdio_exit_handler)
C:/ST/STM32CubeIDE_1.17.0/STM32CubeIDE/plugins/com.st.stm32cube.ide.mcu.externaltools.gnu-tools-for-stm32.12.3.rel1.win32_1.1.0.202410251130/tools/bin/../lib/gcc/arm-none-eabi/12.3.1/../../../../arm-none-eabi/lib/thumb/v7e-m+fp/hard\libc_nano.a(libc_a-fwalk.o)
                              C:/ST/STM32CubeIDE_1.17.0/STM32CubeIDE/plugins/com.st.stm32cube.ide.mcu.externaltools.gnu-tools-for-stm32.12.3.rel1.win32_1.1.0.202410251130/tools/bin/../lib/gcc/arm-none-eabi/12.3.1/../../../../arm-none-eabi/lib/thumb/v7e-m+fp/hard\libc_nano.a(libc_a-findfp.o) (_fwalk_sglue)
C:/ST/STM32CubeIDE_1.17.0/STM32CubeIDE/plugins/com.st.stm32cube.ide.mcu.externaltools.gnu-tools-for-stm32.12.3.rel1.win32_1.1.0.202410251130/tools/bin/../lib/gcc/arm-none-eabi/12.3.1/../../../../arm-none-eabi/lib/thumb/v7e-m+fp/hard\libc_nano.a(libc_a-snprintf.o)
                              ./Core/Src/ui.o (snprintf)
C:/ST/STM32CubeIDE_1.17.0/STM32CubeIDE/plugins/com.st.stm32cube.ide.mcu.externaltools.gnu-tools-for-stm32.12.3.rel1.win32_1.1.0.202410251130/tools/bin/../lib/gcc/arm-none-eabi/12.3.1/../../../../arm-none-eabi/lib/thumb/v7e-m+fp/hard\libc_nano.a(libc_a-sprintf.o)
                              ./Core/Src/z_displ_ST7735_test.o (sprintf)
C:/ST/STM32CubeIDE_1.17.0/STM32CubeIDE/plugins/com.st.stm32cube.ide.mcu.externaltools.gnu-tools-for-stm32.12.3.rel1.win32_1.1.0.202410251130/tools/bin/../lib/gcc/arm-none-eabi/12.3.1/../../../../arm-none-eabi/lib/thumb/v7e-m+fp/hard\libc_nano.a(libc_a-stdio.o)
                              C:/ST/STM32CubeIDE_1.17.0/STM32CubeIDE/plugins/com.st.stm32cube.ide.mcu.externaltools.gnu-tools-for-stm32.12.3.rel1.win32_1.1.0.202410251130/tools/bin/../lib/gcc/arm-none-eabi/12.3.1/../../../../arm-none-eabi/lib/thumb/v7e-m+fp/hard\libc_nano.a(libc_a-findfp.o) (__sread)
C:/ST/STM32CubeIDE_1.17.0/STM32CubeIDE/plugins/com.st.stm32cube.ide.mcu.externaltools.gnu-tools-for-stm32.12.3.rel1.win32_1.1.0.202410251130/tools/bin/../lib/gcc/arm-none-eabi/12.3.1/../../../../arm-none-eabi/lib/thumb/v7e-m+fp/hard\libc_nano.a(libc_a-memset.o)
                              C:/ST/STM32CubeIDE_1.17.0/STM32CubeIDE/plugins/com.st.stm32cube.ide.mcu.externaltools.gnu-tools-for-stm32.12.3.rel1.win32_1.1.0.202410251130/tools/bin/../lib/gcc/arm-none-eabi/12.3.1/../../../../arm-none-eabi/lib/thumb/v7e-m+fp/hard/crt0.o (memset)
C:/ST/STM32CubeIDE_1.17.0/STM32CubeIDE/plugins/com.st.stm32cube.ide.mcu.externaltools.gnu-tools-for-stm32.12.3.rel1.win32_1.1.0.202410251130/tools/bin/../lib/gcc/arm-none-eabi/12.3.1/../../../../arm-none-eabi/lib/thumb/v7e-m+fp/hard\libc_nano.a(libc_a-closer.o)
                              C:/ST/STM32CubeIDE_1.17.0/STM32CubeIDE/plugins/com.st.stm32cube.ide.mcu.externaltools.gnu-tools-for-stm32.12.3.rel1.win32_1.1.0.202410251130/tools/bin/../lib/gcc/arm-none-eabi/12.3.1/../../../../arm-none-eabi/lib/thumb/v7e-m+fp/hard\libc_nano.a(libc_a-stdio.o) (_close_r)
C:/ST/STM32CubeIDE_1.17.0/STM32CubeIDE/plugins/com.st.stm32cube.ide.mcu.externaltools.gnu-tools-for-stm32.12.3.rel1.win32_1.1.0.202410251130/tools/bin/../lib/gcc/arm-none-eabi/12.3.1/../../../../arm-none-eabi/lib/thumb/v7e-m+fp/hard\libc_nano.a(libc_a-reent.o)
                              C:/ST/STM32CubeIDE_1.17.0/STM32CubeIDE/plugins/com.st.stm32cube.ide.mcu.externaltools.gnu-tools-for-stm32.12.3.rel1.win32_1.1.0.202410251130/tools/bin/../lib/gcc/arm-none-eabi/12.3.1/../../../../arm-none-eabi/lib/thumb/v7e-m+fp/hard\libc_nano.a(libc_a-closer.o) (errno)
[...]
Memory Configuration

Name             Origin             Length             Attributes
RAM              0x20000000         0x000a0000         xrw
RAM2             0x10000000         0x00010000         xrw
RAM3             0x20040000         0x00060000         xrw
FLASH            0x08000000         0x00200000         xr
*default*        0x00000000         0xffffffff

Linker script and memory map

LOAD C:/ST/STM32CubeIDE_1.17.0/STM32CubeIDE/plugins/com.st.stm32cube.ide.mcu.externaltools.gnu-tools-for-stm32.12.3.rel1.win32_1.1.0.202410251130/tools/bin/../lib/gcc/arm-none-eabi/12.3.1/thumb/v7e-m+fp/hard/crti.o
LOAD C:/ST/STM32CubeIDE_1.17.0/STM32CubeIDE/plugins/com.st.stm32cube.ide.mcu.externaltools.gnu-tools-for-stm32.12.3.rel1.win32_1.1.0.202410251130/tools/bin/../lib/gcc/arm-none-eabi/12.3.1/thumb/v7e-m+fp/hard/crtbegin.o
LOAD C:/ST/STM32CubeIDE_1.17.0/STM32CubeIDE/plugins/com.st.stm32cube.ide.mcu.externaltools.gnu-tools-for-stm32.12.3.rel1.win32_1.1.0.202410251130/tools/bin/../lib/gcc/arm-none-eabi/12.3.1/../../../../arm-none-eabi/lib/thumb/v7e-m+fp/hard/crt0.o
LOAD ./Core/Src/font12.o
LOAD ./Core/Src/font16.o
LOAD ./Core/Src/font20.o
LOAD ./Core/Src/font24.o
LOAD ./Core/Src/font8.o
LOAD ./Core/Src/main.o
LOAD ./Core/Src/stm32l4xx_hal_msp.o
LOAD ./Core/Src/stm32l4xx_it.o
LOAD ./Core/Src/syscalls.o
LOAD ./Core/Src/sysmem.o
LOAD ./Core/Src/system_stm32l4xx.o
LOAD ./Core/Src/ui.o
LOAD ./Core/Src/z_displ_ST7735.o
LOAD ./Core/Src/z_displ_ST7735_test.o
LOAD ./Core/Startup/startup_stm32l4s5vitx.o
LOAD ./Drivers/STM32L4xx_HAL_Driver/Src/stm32l4xx_hal.o
LOAD ./Drivers/STM32L4xx_HAL_Driver/Src/stm32l4xx_hal_cortex.o
LOAD ./Drivers/STM32L4xx_HAL_Driver/Src/stm32l4xx_hal_dma.o
LOAD ./Drivers/STM32L4xx_HAL_Driver/Src/stm32l4xx_hal_dma_ex.o
LOAD ./Drivers/STM32L4xx_HAL_Driver/Src/stm32l4xx_hal_exti.o
LOAD ./Drivers/STM32L4xx_HAL_Driver/Src/stm32l4xx_hal_flash.o
LOAD ./Drivers/STM32L4xx_HAL_Driver/Src/stm32l4xx_hal_flash_ex.o
LOAD ./Drivers/STM32L4xx_HAL_Driver/Src/stm32l4xx_hal_flash_ramfunc.o
LOAD ./Drivers/STM32L4xx_HAL_Driver/Src/stm32l4xx_hal_gpio.o
LOAD ./Drivers/STM32L4xx_HAL_Driver/Src/stm32l4xx_hal_i2c.o
LOAD ./Drivers/STM32L4xx_HAL_Driver/Src/stm32l4xx_hal_i2c_ex.o
LOAD ./Drivers/STM32L4xx_HAL_Driver/Src/stm32l4xx_hal_pwr.o
LOAD ./Drivers/STM32L4xx_HAL_Driver/Src/stm32l4xx_hal_pwr_ex.o
LOAD ./Drivers/STM32L4xx_HAL_Driver/Src/stm32l4xx_hal_rcc.o
LOAD ./Drivers/STM32L4xx_HAL_Driver/Src/stm32l4xx_hal_rcc_ex.o
LOAD ./Drivers/STM32L4xx_HAL_Driver/Src/stm32l4xx_hal_spi.o
LOAD ./Drivers/STM32L4xx_HAL_Driver/Src/stm32l4xx_hal_spi_ex.o
START GROUP
LOAD C:/ST/STM32CubeIDE_1.17.0/STM32CubeIDE/plugins/com.st.stm32cube.ide.mcu.externaltools.gnu-tools-for-stm32.12.3.rel1.win32_1.1.0.202410251130/tools/bin/../lib/gcc/arm-none-eabi/12.3.1/../../../../arm-none-eabi/lib/thumb/v7e-m+fp/hard\libstdc++_nano.a
LOAD C:/ST/STM32CubeIDE_1.17.0/STM32CubeIDE/plugins/com.st.stm32cube.ide.mcu.externaltools.gnu-tools-for-stm32.12.3.rel1.win32_1.1.0.202410251130/tools/bin/../lib/gcc/arm-none-eabi/12.3.1/../../../../arm-none-eabi/lib/thumb/v7e-m+fp/hard\libsupc++_nano.a
END GROUP
LOAD C:/ST/STM32CubeIDE_1.17.0/STM32CubeIDE/plugins/com.st.stm32cube.ide.mcu.externaltools.gnu-tools-for-stm32.12.3.rel1.win32_1.1.0.202410251130/tools/bin/../lib/gcc/arm-none-eabi/12.3.1/../../../../arm-none-eabi/lib/thumb/v7e-m+fp/hard\libstdc++_nano.a
LOAD C:/ST/STM32CubeIDE_1.17.0/STM32CubeIDE/plugins/com.st.stm32cube.ide.mcu.externaltools.gnu-tools-for-stm32.12.3.rel1.win32_1.1.0.202410251130/tools/bin/../lib/gcc/arm-none-eabi/12.3.1/../../../../arm-none-eabi/lib/thumb/v7e-m+fp/hard\libm.a
LOAD C:/ST/STM32CubeIDE_1.17.0/STM32CubeIDE/plugins/com.st.stm32cube.ide.mcu.externaltools.gnu-tools-for-stm32.12.3.rel1.win32_1.1.0.202410251130/tools/bin/../lib/gcc/arm-none-eabi/12.3.1/../../../../arm-none-eabi/lib/thumb/v7e-m+fp/hard\libc_nano.a
START GROUP
LOAD C:/ST/STM32CubeIDE_1.17.0/STM32CubeIDE/plugins/com.st.stm32cube.ide.mcu.externaltools.gnu-tools-for-stm32.12.3.rel1.win32_1.1.0.202410251130/tools/bin/../lib/gcc/arm-none-eabi/12.3.1/thumb/v7e-m+fp/hard\libgcc.a
LOAD C:/ST/STM32CubeIDE_1.17.0/STM32CubeIDE/plugins/com.st.stm32cube.ide.mcu.externaltools.gnu-tools-for-stm32.12.3.rel1.win32_1.1.0.202410251130/tools/bin/../lib/gcc/arm-none-eabi/12.3.1/../../../../arm-none-eabi/lib/thumb/v7e-m+fp/hard\libc_nano.a
END GROUP
START GROUP
LOAD C:/ST/STM32CubeIDE_1.17.0/STM32CubeIDE/plugins/com.st.stm32cube.ide.mcu.externaltools.gnu-tools-for-stm32.12.3.rel1.win32_1.1.0.202410251130/tools/bin/../lib/gcc/arm-none-eabi/12.3.1/thumb/v7e-m+fp/hard\libgcc.a
LOAD C:/ST/STM32CubeIDE_1.17.0/STM32CubeIDE/plugins/com.st.stm32cube.ide.mcu.externaltools.gnu-tools-for-stm32.12.3.rel1.win32_1.1.0.202410251130/tools/bin/../lib/gcc/arm-none-eabi/12.3.1/../../../../arm-none-eabi/lib/thumb/v7e-m+fp/hard\libc_nano.a
LOAD C:/ST/STM32CubeIDE_1.17.0/STM32CubeIDE/plugins/com.st.stm32cube.ide.mcu.externaltools.gnu-tools-for-stm32.12.3.rel1.win32_1.1.0.202410251130/tools/bin/../lib/gcc/arm-none-eabi/12.3.1/../../../../arm-none-eabi/lib/thumb/v7e-m+fp/hard\libnosys.a
END GROUP
START GROUP
LOAD C:/ST/STM32CubeIDE_1.17.0/STM32CubeIDE/plugins/com.st.stm32cube.ide.mcu.externaltools.gnu-tools-for-stm32.12.3.rel1.win32_1.1.0.202410251130/tools/bin/../lib/gcc/arm-none-eabi/12.3.1/thumb/v7e-m+fp/hard\libgcc.a
LOAD C:/ST/STM32CubeIDE_1.17.0/STM32CubeIDE/plugins/com.st.stm32cube.ide.mcu.externaltools.gnu-tools-for-stm32.12.3.rel1.win32_1.1.0.202410251130/tools/bin/../lib/gcc/arm-none-eabi/12.3.1/../../../../arm-none-eabi/lib/thumb/v7e-m+fp/hard\libc_nano.a
LOAD C:/ST/STM32CubeIDE_1.17.0/STM32CubeIDE/plugins/com.st.stm32cube.ide.mcu.externaltools.gnu-tools-for-stm32.12.3.rel1.win32_1.1.0.202410251130/tools/bin/../lib/gcc/arm-none-eabi/12.3.1/../../../../arm-none-eabi/lib/thumb/v7e-m+fp/hard\libnosys.a
END GROUP
LOAD C:/ST/STM32CubeIDE_1.17.0/STM32CubeIDE/plugins/com.st.stm32cube.ide.mcu.externaltools.gnu-tools-for-stm32.12.3.rel1.win32_1.1.0.202410251130/tools/bin/../lib/gcc/arm-none-eabi/12.3.1/thumb/v7e-m+fp/hard/crtend.o
LOAD C:/ST/STM32CubeIDE_1.17.0/STM32CubeIDE/plugins/com.st.stm32cube.ide.mcu.externaltools.gnu-tools-for-stm32.12.3.rel1.win32_1.1.0.202410251130/tools/bin/../lib/gcc/arm-none-eabi/12.3.1/thumb/v7e-m+fp/hard/crtn.o
                0x200a0000                        _estack = (ORIGIN (RAM) + LENGTH (RAM))
                0x00000200                        _Min_Heap_Size = 0x200
                0x00000400                        _Min_Stack_Size = 0x400

.isr_vector     0x08000000      0x1bc
                0x08000000                        . = ALIGN (0x4)
 *(.isr_vector)
 .isr_vector    0x08000000      0x1bc ./Core/Startup/startup_stm32l4s5vitx.o
                0x08000000                g_pfnVectors
                0x080001bc                        . = ALIGN (0x4)

.text           0x080001c0     0x5bc8
                0x080001c0                        . = ALIGN (0x4)
 *(.text)
 .text          0x080001c0       0x40 C:/ST/STM32CubeIDE_1.17.0/STM32CubeIDE/plugins/com.st.stm32cube.ide.mcu.externaltools.gnu-tools-for-stm32.12.3.rel1.win32_1.1.0.202410251130/tools/bin/../lib/gcc/arm-none-eabi/12.3.1/thumb/v7e-m+fp/hard/crtbegin.o
 .text          0x08000200       0x10 C:/ST/STM32CubeIDE_1.17.0/STM32CubeIDE/plugins/com.st.stm32cube.ide.mcu.externaltools.gnu-tools-for-stm32.12.3.rel1.win32_1.1.0.202410251130/tools/bin/../lib/gcc/arm-none-eabi/12.3.1/../../../../arm-none-eabi/lib/thumb/v7e-m+fp/hard\libc_nano.a(libc_a-strlen.o)
                0x08000200                strlen
 .text          0x08000210       0xa0 C:/ST/STM32CubeIDE_1.17.0/STM32CubeIDE/plugins/com.st.stm32cube.ide.mcu.externaltools.gnu-tools-for-stm32.12.3.rel1.win32_1.1.0.202410251130/tools/bin/../lib/gcc/arm-none-eabi/12.3.1/../../../../arm-none-eabi/lib/thumb/v7e-m+fp/hard\libc_nano.a(libc_a-memchr.o)
                0x08000210                memchr
 *(.text*)
 .text.main     0x080002b0       0x5c ./Core/Src/main.o
                0x080002b0                main
 .text.SystemClock_Config
                0x0800030c       0xa2 ./Core/Src/main.o
                0x0800030c                SystemClock_Config
 *fill*         0x080003ae        0x2 
 .text.MX_SPI1_Init
                0x080003b0       0x7c ./Core/Src/main.o
 .text.MX_SPI3_Init
                0x0800042c       0x7c ./Core/Src/main.o
 .text.MX_GPIO_Init
                0x080004a8      0x36c ./Core/Src/main.o
 .text.Read_Buttons
                0x08000814       0x60 ./Core/Src/main.o
 .text.Error_Handler
                0x08000874        0xc ./Core/Src/main.o
                0x08000874                Error_Handler
 .text.HAL_MspInit
                0x08000880       0x48 ./Core/Src/stm32l4xx_hal_msp.o
                0x08000880                HAL_MspInit
 .text.HAL_SPI_MspInit
                0x080008c8       0xec ./Core/Src/stm32l4xx_hal_msp.o
                0x080008c8                HAL_SPI_MspInit
 .text.NMI_Handler
                0x080009b4        0x8 ./Core/Src/stm32l4xx_it.o
                0x080009b4                NMI_Handler
 .text.HardFault_Handler
                0x080009bc        0x8 ./Core/Src/stm32l4xx_it.o
                0x080009bc                HardFault_Handler
 .text.MemManage_Handler
                0x080009c4        0x8 ./Core/Src/stm32l4xx_it.o
                0x080009c4                MemManage_Handler
 .text.BusFault_Handler
                0x080009cc        0x8 ./Core/Src/stm32l4xx_it.o
                0x080009cc                BusFault_Handler
 .text.UsageFault_Handler
                0x080009d4        0x8 ./Core/Src/stm32l4xx_it.o
                0x080009d4                UsageFault_Handler
 .text.SVC_Handler
                0x080009dc        0xe ./Core/Src/stm32l4xx_it.o
                0x080009dc                SVC_Handler
 .text.DebugMon_Handler
                0x080009ea        0xe ./Core/Src/stm32l4xx_it.o
                0x080009ea                DebugMon_Handler
 .text.PendSV_Handler
                0x080009f8        0xe ./Core/Src/stm32l4xx_it.o
                0x080009f8                PendSV_Handler
 .text.SysTick_Handler
                0x08000a06        0xc ./Core/Src/stm32l4xx_it.o
                0x08000a06                SysTick_Handler
 .text.EXTI9_5_IRQHandler
                0x08000a12       0x22 ./Core/Src/stm32l4xx_it.o
                0x08000a12                EXTI9_5_IRQHandler
 .text.EXTI15_10_IRQHandler
                0x08000a34       0x38 ./Core/Src/stm32l4xx_it.o
                0x08000a34                EXTI15_10_IRQHandler
 .text._sbrk    0x08000a6c       0x6c ./Core/Src/sysmem.o
                0x08000a6c                _sbrk
 .text.SystemInit
                0x08000ad8       0x24 ./Core/Src/system_stm32l4xx.o
                0x08000ad8                SystemInit
 .text.UI_Init  0x08000afc       0x40 ./Core/Src/ui.o
                0x08000afc                UI_Init
 .text.UI_Update
                0x08000b3c      0x1a8 ./Core/Src/ui.o
                0x08000b3c                UI_Update
 .text.UI_GoTo  0x08000ce4       0x80 ./Core/Src/ui.o
                0x08000ce4                UI_GoTo
 .text.Draw_PowerOn
                0x08000d64      0x10c ./Core/Src/ui.o
 .text.Draw_MainMenu
                0x08000e70       0x68 ./Core/Src/ui.o
 .text.Draw_MenuItem
                0x08000ed8       0xec ./Core/Src/ui.o
 .text.Draw_NewRecording
                0x08000fc4       0xac ./Core/Src/ui.o
 .text.Draw_PastRecordings
                0x08001070       0xe0 ./Core/Src/ui.o
 .text.Draw_PlayTestFile
                0x08001150      0x198 ./Core/Src/ui.o
 .text.Draw_Header
                0x080012e8       0x50 ./Core/Src/ui.o
 .text.Draw_Footer
                0x08001338      0x10c ./Core/Src/ui.o
 .text.Button_Pressed
                0x08001444       0x3e ./Core/Src/ui.o
 *fill*         0x08001482        0x2 
 .text.ST7735_Reset
                0x08001484       0x2c ./Core/Src/z_displ_ST7735.o
                0x08001484                ST7735_Reset
 .text.Displ_Transmit
                0x080014b0       0x90 ./Core/Src/z_displ_ST7735.o
                0x080014b0                Displ_Transmit
 .text.Displ_WriteCommand
                0x08001540       0x1e ./Core/Src/z_displ_ST7735.o
                0x08001540                Displ_WriteCommand
 .text.Displ_WriteData
                0x0800155e       0x2c ./Core/Src/z_displ_ST7735.o
                0x0800155e                Displ_WriteData
 .text.ST7735_InitCmds
                0x0800158a       0xa4 ./Core/Src/z_displ_ST7735.o
                0x0800158a                ST7735_InitCmds
 *fill*         0x0800162e        0x2 
 .text.ST7735_SetAddressWindow
                0x08001630       0x94 ./Core/Src/z_displ_ST7735.o
                0x08001630                ST7735_SetAddressWindow
 .text.ST7735_SetRotation
                0x080016c4       0xe8 ./Core/Src/z_displ_ST7735.o
                0x080016c4                ST7735_SetRotation
 .text.ST7735_Init
                0x080017ac       0x50 ./Core/Src/z_displ_ST7735.o
                0x080017ac                ST7735_Init
 .text.Displ_FillArea
                0x080017fc      0x180 ./Core/Src/z_displ_ST7735.o
                0x080017fc                Displ_FillArea
 .text.Displ_Pixel
                0x0800197c       0x4c ./Core/Src/z_displ_ST7735.o
                0x0800197c                Displ_Pixel
 .text.Displ_Border
                0x080019c8       0x86 ./Core/Src/z_displ_ST7735.o
                0x080019c8                Displ_Border
 .text.Displ_Line
                0x08001a4e      0x262 ./Core/Src/z_displ_ST7735.o
                0x08001a4e                Displ_Line
 .text.Displ_WChar
                0x08001cb0      0x200 ./Core/Src/z_displ_ST7735.o
                0x08001cb0                Displ_WChar
 .text.Displ_WString
                0x08001eb0       0x7e ./Core/Src/z_displ_ST7735.o
                0x08001eb0                Displ_WString
 *fill*         0x08001f2e        0x2 
 .text.Displ_CString
                0x08001f30      0x1d8 ./Core/Src/z_displ_ST7735.o
                0x08001f30                Displ_CString
 .text.Displ_Init
                0x08002108       0x1a ./Core/Src/z_displ_ST7735.o
                0x08002108                Displ_Init
 *fill*         0x08002122        0x2 
 .text.Displ_CLS
                0x08002124       0x38 ./Core/Src/z_displ_ST7735.o
                0x08002124                Displ_CLS
 .text.drawCircleHelper
                0x0800215c      0x188 ./Core/Src/z_displ_ST7735.o
                0x0800215c                drawCircleHelper
 .text.fillCircleHelper
                0x080022e4      0x1f4 ./Core/Src/z_displ_ST7735.o
                0x080022e4                fillCircleHelper
 .text.Displ_drawRoundRect
                0x080024d8      0x1ea ./Core/Src/z_displ_ST7735.o
                0x080024d8                Displ_drawRoundRect
 .text.Displ_fillRoundRect
                0x080026c2       0xea ./Core/Src/z_displ_ST7735.o
                0x080026c2                Displ_fillRoundRect
 .text.Displ_fillTriangle
                0x080027ac      0x2b8 ./Core/Src/z_displ_ST7735.o
                0x080027ac                Displ_fillTriangle
 .text.Displ_drawTriangle
                0x08002a64       0x74 ./Core/Src/z_displ_ST7735.o
                0x08002a64                Displ_drawTriangle
 .text.Displ_fillCircle
                0x08002ad8       0x66 ./Core/Src/z_displ_ST7735.o
                0x08002ad8                Displ_fillCircle
 .text.Displ_drawCircle
                0x08002b3e      0x1a8 ./Core/Src/z_displ_ST7735.o
                0x08002b3e                Displ_drawCircle
 .text.Displ_BackLight
                0x08002ce6       0x5a ./Core/Src/z_displ_ST7735.o
                0x08002ce6                Displ_BackLight
 .text.testLines
                0x08002d40      0x204 ./Core/Src/z_displ_ST7735_test.o
                0x08002d40                testLines
 .text.testFastLines
                0x08002f44       0x9c ./Core/Src/z_displ_ST7735_test.o
                0x08002f44                testFastLines
 .text.testRects
                0x08002fe0       0xa8 ./Core/Src/z_displ_ST7735_test.o
                0x08002fe0                testRects
 .text.testFilledRects
                0x08003088       0xdc ./Core/Src/z_displ_ST7735_test.o
                0x08003088                testFilledRects
 .text.testFilledCircles
                0x08003164       0x7c ./Core/Src/z_displ_ST7735_test.o
                0x08003164                testFilledCircles
 .text.testCircles
                0x080031e0       0x84 ./Core/Src/z_displ_ST7735_test.o
                0x080031e0                testCircles
 .text.testTriangles
                0x08003264       0xc8 ./Core/Src/z_displ_ST7735_test.o
                0x08003264                testTriangles
 .text.testFilledTriangles
                0x0800332c      0x15c ./Core/Src/z_displ_ST7735_test.o
                0x0800332c                testFilledTriangles
 .text.testRoundRects
                0x08003488       0xdc ./Core/Src/z_displ_ST7735_test.o
                0x08003488                testRoundRects
 .text.testFilledRoundRects
                0x08003564       0xe8 ./Core/Src/z_displ_ST7735_test.o
                0x08003564                testFilledRoundRects
 .text.testFillScreen
                0x0800364c       0x2c ./Core/Src/z_displ_ST7735_test.o
                0x0800364c                testFillScreen
 .text.Displ_TestAll
                0x08003678       0x56 ./Core/Src/z_displ_ST7735_test.o
                0x08003678                Displ_TestAll
 *fill*         0x080036ce        0x2 
 .text.Reset_Handler
                0x080036d0       0x50 ./Core/Startup/startup_stm32l4s5vitx.o
                0x080036d0                Reset_Handler
 .text.Default_Handler
                0x08003720        0x2 ./Core/Startup/startup_stm32l4s5vitx.o
                0x08003720                RTC_Alarm_IRQHandler
                0x08003720                EXTI2_IRQHandler
                0x08003720                TIM8_TRG_COM_IRQHandler
                0x08003720                TIM8_CC_IRQHandler
                0x08003720                TIM1_CC_IRQHandler
                0x08003720                TSC_IRQHandler
                0x08003720                TAMP_STAMP_IRQHandler
                0x08003720                EXTI3_IRQHandler
                0x08003720                LPTIM2_IRQHandler
                0x08003720                DFSDM1_FLT1_IRQHandler
                0x08003720                GFXMMU_IRQHandler
                0x08003720                I2C3_ER_IRQHandler
                0x08003720                DFSDM1_FLT2_IRQHandler
                0x08003720                EXTI0_IRQHandler
                0x08003720                I2C2_EV_IRQHandler
                0x08003720                CAN1_RX0_IRQHandler
                0x08003720                FPU_IRQHandler
                0x08003720                TIM1_UP_TIM16_IRQHandler
                0x08003720                LTDC_ER_IRQHandler
                0x08003720                SPI1_IRQHandler
                0x08003720                OCTOSPI1_IRQHandler
                0x08003720                TIM6_DAC_IRQHandler
                0x08003720                DCMI_IRQHandler
                0x08003720                TIM8_UP_IRQHandler
                0x08003720                OCTOSPI2_IRQHandler
                0x08003720                DMA2_Channel2_IRQHandler
                0x08003720                DMA1_Channel4_IRQHandler
                0x08003720                SAI2_IRQHandler
                0x08003720                ADC1_IRQHandler
                0x08003720                DFSDM1_FLT3_IRQHandler
                0x08003720                USART3_IRQHandler
                0x08003720                DMA1_Channel7_IRQHandler
                0x08003720                CAN1_RX1_IRQHandler
                0x08003720                UART5_IRQHandler
                0x08003720                TIM4_IRQHandler
                0x08003720                DMA2_Channel1_IRQHandler
                0x08003720                I2C1_EV_IRQHandler
                0x08003720                DMAMUX1_OVR_IRQHandler
                0x08003720                DMA1_Channel6_IRQHandler
                0x08003720                UART4_IRQHandler
                0x08003720                DMA2_Channel4_IRQHandler
                0x08003720                TIM3_IRQHandler
                0x08003720                RCC_IRQHandler
                0x08003720                DMA1_Channel1_IRQHandler
                0x08003720                Default_Handler
                0x08003720                DMA2_Channel7_IRQHandler
                0x08003720                TIM7_IRQHandler
                0x08003720                SDMMC1_IRQHandler
                0x08003720                TIM5_IRQHandler
                0x08003720                I2C3_EV_IRQHandler
                0x08003720                RTC_WKUP_IRQHandler
                0x08003720                LTDC_IRQHandler
                0x08003720                PVD_PVM_IRQHandler
                0x08003720                SPI2_IRQHandler
                0x08003720                CAN1_TX_IRQHandler
                0x08003720                DMA2_Channel5_IRQHandler
                0x08003720                DMA1_Channel5_IRQHandler
                0x08003720                EXTI4_IRQHandler
                0x08003720                RNG_IRQHandler
                0x08003720                TIM1_TRG_COM_TIM17_IRQHandler
                0x08003720                DMA1_Channel3_IRQHandler
                0x08003720                COMP_IRQHandler
                0x08003720                HASH_CRS_IRQHandler
                0x08003720                WWDG_IRQHandler
                0x08003720                I2C4_EV_IRQHandler
                0x08003720                LPUART1_IRQHandler
                0x08003720                DMA2_Channel6_IRQHandler
                0x08003720                TIM2_IRQHandler
                0x08003720                DMA2D_IRQHandler
                0x08003720                EXTI1_IRQHandler
                0x08003720                AES_IRQHandler
                0x08003720                USART2_IRQHandler
                0x08003720                DFSDM1_FLT0_IRQHandler
                0x08003720                I2C2_ER_IRQHandler
                0x08003720                DMA1_Channel2_IRQHandler
                0x08003720                TIM8_BRK_IRQHandler
                0x08003720                CAN1_SCE_IRQHandler
                0x08003720                FLASH_IRQHandler
                0x08003720                USART1_IRQHandler
                0x08003720                OTG_FS_IRQHandler
                0x08003720                SPI3_IRQHandler
                0x08003720                I2C1_ER_IRQHandler
                0x08003720                FMC_IRQHandler
                0x08003720                LPTIM1_IRQHandler
                0x08003720                I2C4_ER_IRQHandler
                0x08003720                SAI1_IRQHandler
                0x08003720                DMA2_Channel3_IRQHandler
                0x08003720                TIM1_BRK_TIM15_IRQHandler
 .text.HAL_Init
                0x08003722       0x30 ./Drivers/STM32L4xx_HAL_Driver/Src/stm32l4xx_hal.o
                0x08003722                HAL_Init
 *fill*         0x08003752        0x2 
 .text.HAL_InitTick
                0x08003754       0x78 ./Drivers/STM32L4xx_HAL_Driver/Src/stm32l4xx_hal.o
                0x08003754                HAL_InitTick
 .text.HAL_IncTick
                0x080037cc       0x28 ./Drivers/STM32L4xx_HAL_Driver/Src/stm32l4xx_hal.o
                0x080037cc                HAL_IncTick
 .text.HAL_GetTick
                0x080037f4       0x18 ./Drivers/STM32L4xx_HAL_Driver/Src/stm32l4xx_hal.o
                0x080037f4                HAL_GetTick
 .text.HAL_Delay
                0x0800380c       0x48 ./Drivers/STM32L4xx_HAL_Driver/Src/stm32l4xx_hal.o
                0x0800380c                HAL_Delay
 .text.__NVIC_SetPriorityGrouping
                0x08003854       0x48 ./Drivers/STM32L4xx_HAL_Driver/Src/stm32l4xx_hal_cortex.o
 .text.__NVIC_GetPriorityGrouping
                0x0800389c       0x1c ./Drivers/STM32L4xx_HAL_Driver/Src/stm32l4xx_hal_cortex.o
 .text.__NVIC_EnableIRQ
                0x080038b8       0x3c ./Drivers/STM32L4xx_HAL_Driver/Src/stm32l4xx_hal_cortex.o
 .text.__NVIC_SetPriority
                0x080038f4       0x54 ./Drivers/STM32L4xx_HAL_Driver/Src/stm32l4xx_hal_cortex.o
 .text.NVIC_EncodePriority
                0x08003948       0x66 ./Drivers/STM32L4xx_HAL_Driver/Src/stm32l4xx_hal_cortex.o
 *fill*         0x080039ae        0x2 
 .text.SysTick_Config
                0x080039b0       0x44 ./Drivers/STM32L4xx_HAL_Driver/Src/stm32l4xx_hal_cortex.o
 .text.HAL_NVIC_SetPriorityGrouping
                0x080039f4       0x16 ./Drivers/STM32L4xx_HAL_Driver/Src/stm32l4xx_hal_cortex.o
                0x080039f4                HAL_NVIC_SetPriorityGrouping
 .text.HAL_NVIC_SetPriority
                0x08003a0a       0x38 ./Drivers/STM32L4xx_HAL_Driver/Src/stm32l4xx_hal_cortex.o
                0x08003a0a                HAL_NVIC_SetPriority
 .text.HAL_NVIC_EnableIRQ
                0x08003a42       0x1c ./Drivers/STM32L4xx_HAL_Driver/Src/stm32l4xx_hal_cortex.o
                0x08003a42                HAL_NVIC_EnableIRQ
 .text.HAL_SYSTICK_Config
                0x08003a5e       0x18 ./Drivers/STM32L4xx_HAL_Driver/Src/stm32l4xx_hal_cortex.o
                0x08003a5e                HAL_SYSTICK_Config
 *fill*         0x08003a76        0x2 
 .text.HAL_GPIO_Init
                0x08003a78      0x324 ./Drivers/STM32L4xx_HAL_Driver/Src/stm32l4xx_hal_gpio.o
                0x08003a78                HAL_GPIO_Init
 .text.HAL_GPIO_ReadPin
                0x08003d9c       0x30 ./Drivers/STM32L4xx_HAL_Driver/Src/stm32l4xx_hal_gpio.o
                0x08003d9c                HAL_GPIO_ReadPin
 .text.HAL_GPIO_WritePin
                0x08003dcc       0x30 ./Drivers/STM32L4xx_HAL_Driver/Src/stm32l4xx_hal_gpio.o
                0x08003dcc                HAL_GPIO_WritePin
 .text.HAL_GPIO_EXTI_IRQHandler
                0x08003dfc       0x30 ./Drivers/STM32L4xx_HAL_Driver/Src/stm32l4xx_hal_gpio.o
                0x08003dfc                HAL_GPIO_EXTI_IRQHandler
 .text.HAL_GPIO_EXTI_Callback
                0x08003e2c       0x16 ./Drivers/STM32L4xx_HAL_Driver/Src/stm32l4xx_hal_gpio.o
                0x08003e2c                HAL_GPIO_EXTI_Callback
 *fill*         0x08003e42        0x2 
 .text.HAL_PWREx_GetVoltageRange
                0x08003e44       0x40 ./Drivers/STM32L4xx_HAL_Driver/Src/stm32l4xx_hal_pwr_ex.o
                0x08003e44                HAL_PWREx_GetVoltageRange
 .text.HAL_PWREx_ControlVoltageScaling
                0x08003e84      0x148 ./Drivers/STM32L4xx_HAL_Driver/Src/stm32l4xx_hal_pwr_ex.o
                0x08003e84                HAL_PWREx_ControlVoltageScaling
 .text.HAL_RCC_OscConfig
                0x08003fcc      0x834 ./Drivers/STM32L4xx_HAL_Driver/Src/stm32l4xx_hal_rcc.o
                0x08003fcc                HAL_RCC_OscConfig
 .text.HAL_RCC_ClockConfig
                0x08004800      0x274 ./Drivers/STM32L4xx_HAL_Driver/Src/stm32l4xx_hal_rcc.o
                0x08004800                HAL_RCC_ClockConfig
 .text.HAL_RCC_GetSysClockFreq
                0x08004a74      0x118 ./Drivers/STM32L4xx_HAL_Driver/Src/stm32l4xx_hal_rcc.o
                0x08004a74                HAL_RCC_GetSysClockFreq
 .text.RCC_SetFlashLatencyFromMSIRange
                0x08004b8c       0xb4 ./Drivers/STM32L4xx_HAL_Driver/Src/stm32l4xx_hal_rcc.o
 .text.RCC_GetSysClockFreqFromPLLSource
                0x08004c40       0xcc ./Drivers/STM32L4xx_HAL_Driver/Src/stm32l4xx_hal_rcc.o
 .text.HAL_SPI_Init
                0x08004d0c      0x146 ./Drivers/STM32L4xx_HAL_Driver/Src/stm32l4xx_hal_spi.o
                0x08004d0c                HAL_SPI_Init
 .text.HAL_SPI_Transmit
                0x08004e52      0x2ec ./Drivers/STM32L4xx_HAL_Driver/Src/stm32l4xx_hal_spi.o
                0x08004e52                HAL_SPI_Transmit
 *fill*         0x0800513e        0x2 
 .text.SPI_WaitFlagStateUntilTimeout
                0x08005140      0x110 ./Drivers/STM32L4xx_HAL_Driver/Src/stm32l4xx_hal_spi.o
 .text.SPI_WaitFifoStateUntilTimeout
                0x08005250      0x12c ./Drivers/STM32L4xx_HAL_Driver/Src/stm32l4xx_hal_spi.o
 .text.SPI_EndRxTxTransaction
                0x0800537c       0x8c ./Drivers/STM32L4xx_HAL_Driver/Src/stm32l4xx_hal_spi.o
 .text.snprintf
                0x08005408       0x68 C:/ST/STM32CubeIDE_1.17.0/STM32CubeIDE/plugins/com.st.stm32cube.ide.mcu.externaltools.gnu-tools-for-stm32.12.3.rel1.win32_1.1.0.202410251130/tools/bin/../lib/gcc/arm-none-eabi/12.3.1/../../../../arm-none-eabi/lib/thumb/v7e-m+fp/hard\libc_nano.a(libc_a-snprintf.o)
                0x08005408                sniprintf
                0x08005408                snprintf
 .text.memset   0x08005470       0x10 C:/ST/STM32CubeIDE_1.17.0/STM32CubeIDE/plugins/com.st.stm32cube.ide.mcu.externaltools.gnu-tools-for-stm32.12.3.rel1.win32_1.1.0.202410251130/tools/bin/../lib/gcc/arm-none-eabi/12.3.1/../../../../arm-none-eabi/lib/thumb/v7e-m+fp/hard\libc_nano.a(libc_a-memset.o)
                0x08005470                memset
 .text.__errno  0x08005480        0xc C:/ST/STM32CubeIDE_1.17.0/STM32CubeIDE/plugins/com.st.stm32cube.ide.mcu.externaltools.gnu-tools-for-stm32.12.3.rel1.win32_1.1.0.202410251130/tools/bin/../lib/gcc/arm-none-eabi/12.3.1/../../../../arm-none-eabi/lib/thumb/v7e-m+fp/hard\libc_nano.a(libc_a-errno.o)
                0x08005480                __errno
 .text.__libc_init_array
                0x0800548c       0x48 C:/ST/STM32CubeIDE_1.17.0/STM32CubeIDE/plugins/com.st.stm32cube.ide.mcu.externaltools.gnu-tools-for-stm32.12.3.rel1.win32_1.1.0.202410251130/tools/bin/../lib/gcc/arm-none-eabi/12.3.1/../../../../arm-none-eabi/lib/thumb/v7e-m+fp/hard\libc_nano.a(libc_a-init.o)
                0x0800548c                __libc_init_array
 .text.__retarget_lock_acquire_recursive
                0x080054d4        0x2 C:/ST/STM32CubeIDE_1.17.0/STM32CubeIDE/plugins/com.st.stm32cube.ide.mcu.externaltools.gnu-tools-for-stm32.12.3.rel1.win32_1.1.0.202410251130/tools/bin/../lib/gcc/arm-none-eabi/12.3.1/../../../../arm-none-eabi/lib/thumb/v7e-m+fp/hard\libc_nano.a(libc_a-lock.o)
                0x080054d4                __retarget_lock_acquire_recursive
 .text.__retarget_lock_release_recursive
                0x080054d6        0x2 C:/ST/STM32CubeIDE_1.17.0/STM32CubeIDE/plugins/com.st.stm32cube.ide.mcu.externaltools.gnu-tools-for-stm32.12.3.rel1.win32_1.1.0.202410251130/tools/bin/../lib/gcc/arm-none-eabi/12.3.1/../../../../arm-none-eabi/lib/thumb/v7e-m+fp/hard\libc_nano.a(libc_a-lock.o)
                0x080054d6                __retarget_lock_release_recursive
 .text._free_r  0x080054d8       0x94 C:/ST/STM32CubeIDE_1.17.0/STM32CubeIDE/plugins/com.st.stm32cube.ide.mcu.externaltools.gnu-tools-for-stm32.12.3.rel1.win32_1.1.0.202410251130/tools/bin/../lib/gcc/arm-none-eabi/12.3.1/../../../../arm-none-eabi/lib/thumb/v7e-m+fp/hard\libc_nano.a(libc_a-freer.o)
                0x080054d8                _free_r
 .text.sbrk_aligned
                0x0800556c       0x44 C:/ST/STM32CubeIDE_1.17.0/STM32CubeIDE/plugins/com.st.stm32cube.ide.mcu.externaltools.gnu-tools-for-stm32.12.3.rel1.win32_1.1.0.202410251130/tools/bin/../lib/gcc/arm-none-eabi/12.3.1/../../../../arm-none-eabi/lib/thumb/v7e-m+fp/hard\libc_nano.a(libc_a-mallocr.o)
 .text._malloc_r
                0x080055b0      0x100 C:/ST/STM32CubeIDE_1.17.0/STM32CubeIDE/plugins/com.st.stm32cube.ide.mcu.externaltools.gnu-tools-for-stm32.12.3.rel1.win32_1.1.0.202410251130/tools/bin/../lib/gcc/arm-none-eabi/12.3.1/../../../../arm-none-eabi/lib/thumb/v7e-m+fp/hard\libc_nano.a(libc_a-mallocr.o)
                0x080055b0                _malloc_r
 .text.__malloc_lock
                0x080056b0        0xc C:/ST/STM32CubeIDE_1.17.0/STM32CubeIDE/plugins/com.st.stm32cube.ide.mcu.externaltools.gnu-tools-for-stm32.12.3.rel1.win32_1.1.0.202410251130/tools/bin/../lib/gcc/arm-none-eabi/12.3.1/../../../../arm-none-eabi/lib/thumb/v7e-m+fp/hard\libc_nano.a(libc_a-mlock.o)
                0x080056b0                __malloc_lock
 .text.__malloc_unlock
                0x080056bc        0xc C:/ST/STM32CubeIDE_1.17.0/STM32CubeIDE/plugins/com.st.stm32cube.ide.mcu.externaltools.gnu-tools-for-stm32.12.3.rel1.win32_1.1.0.202410251130/tools/bin/../lib/gcc/arm-none-eabi/12.3.1/../../../../arm-none-eabi/lib/thumb/v7e-m+fp/hard\libc_nano.a(libc_a-mlock.o)
                0x080056bc                __malloc_unlock
 .text.__ssputs_r
                0x080056c8       0xb6 C:/ST/STM32CubeIDE_1.17.0/STM32CubeIDE/plugins/com.st.stm32cube.ide.mcu.externaltools.gnu-tools-for-stm32.12.3.rel1.win32_1.1.0.202410251130/tools/bin/../lib/gcc/arm-none-eabi/12.3.1/../../../../arm-none-eabi/lib/thumb/v7e-m+fp/hard\libc_nano.a(libc_a-nano-svfprintf.o)
                0x080056c8                __ssputs_r
 *fill*         0x0800577e        0x2 
 .text._svfprintf_r
                0x08005780      0x1f8 C:/ST/STM32CubeIDE_1.17.0/STM32CubeIDE/plugins/com.st.stm32cube.ide.mcu.externaltools.gnu-tools-for-stm32.12.3.rel1.win32_1.1.0.202410251130/tools/bin/../lib/gcc/arm-none-eabi/12.3.1/../../../../arm-none-eabi/lib/thumb/v7e-m+fp/hard\libc_nano.a(libc_a-nano-svfprintf.o)
                0x08005780                _svfiprintf_r
                0x08005780                _svfprintf_r
 .text._printf_common
                0x08005978       0xda C:/ST/STM32CubeIDE_1.17.0/STM32CubeIDE/plugins/com.st.stm32cube.ide.mcu.externaltools.gnu-tools-for-stm32.12.3.rel1.win32_1.1.0.202410251130/tools/bin/../lib/gcc/arm-none-eabi/12.3.1/../../../../arm-none-eabi/lib/thumb/v7e-m+fp/hard\libc_nano.a(libc_a-nano-vfprintf_i.o)
                0x08005978                _printf_common
 *fill*         0x08005a52        0x2 
 .text._printf_i
                0x08005a54      0x240 C:/ST/STM32CubeIDE_1.17.0/STM32CubeIDE/plugins/com.st.stm32cube.ide.mcu.externaltools.gnu-tools-for-stm32.12.3.rel1.win32_1.1.0.202410251130/tools/bin/../lib/gcc/arm-none-eabi/12.3.1/../../../../arm-none-eabi/lib/thumb/v7e-m+fp/hard\libc_nano.a(libc_a-nano-vfprintf_i.o)
                0x08005a54                _printf_i
 .text.memmove  0x08005c94       0x34 C:/ST/STM32CubeIDE_1.17.0/STM32CubeIDE/plugins/com.st.stm32cube.ide.mcu.externaltools.gnu-tools-for-stm32.12.3.rel1.win32_1.1.0.202410251130/tools/bin/../lib/gcc/arm-none-eabi/12.3.1/../../../../arm-none-eabi/lib/thumb/v7e-m+fp/hard\libc_nano.a(libc_a-memmove.o)
                0x08005c94                memmove
 .text._sbrk_r  0x08005cc8       0x20 C:/ST/STM32CubeIDE_1.17.0/STM32CubeIDE/plugins/com.st.stm32cube.ide.mcu.externaltools.gnu-tools-for-stm32.12.3.rel1.win32_1.1.0.202410251130/tools/bin/../lib/gcc/arm-none-eabi/12.3.1/../../../../arm-none-eabi/lib/thumb/v7e-m+fp/hard\libc_nano.a(libc_a-sbrkr.o)
                0x08005cc8                _sbrk_r
 .text.memcpy   0x08005ce8       0x1c C:/ST/STM32CubeIDE_1.17.0/STM32CubeIDE/plugins/com.st.stm32cube.ide.mcu.externaltools.gnu-tools-for-stm32.12.3.rel1.win32_1.1.0.202410251130/tools/bin/../lib/gcc/arm-none-eabi/12.3.1/../../../../arm-none-eabi/lib/thumb/v7e-m+fp/hard\libc_nano.a(libc_a-memcpy-stub.o)
                0x08005ce8                memcpy
 .text._realloc_r
                0x08005d04       0x5c C:/ST/STM32CubeIDE_1.17.0/STM32CubeIDE/plugins/com.st.stm32cube.ide.mcu.externaltools.gnu-tools-for-stm32.12.3.rel1.win32_1.1.0.202410251130/tools/bin/../lib/gcc/arm-none-eabi/12.3.1/../../../../arm-none-eabi/lib/thumb/v7e-m+fp/hard\libc_nano.a(libc_a-reallocr.o)
                0x08005d04                _realloc_r
 .text._malloc_usable_size_r
                0x08005d60       0x10 C:/ST/STM32CubeIDE_1.17.0/STM32CubeIDE/plugins/com.st.stm32cube.ide.mcu.externaltools.gnu-tools-for-stm32.12.3.rel1.win32_1.1.0.202410251130/tools/bin/../lib/gcc/arm-none-eabi/12.3.1/../../../../arm-none-eabi/lib/thumb/v7e-m+fp/hard\libc_nano.a(libc_a-msizer.o)
                0x08005d60                _malloc_usable_size_r
 *(.glue_7)
 .glue_7        0x08005d70        0x0 linker stubs
 *(.glue_7t)
 .glue_7t       0x08005d70        0x0 linker stubs
 *(.eh_frame)
 .eh_frame      0x08005d70        0x0 C:/ST/STM32CubeIDE_1.17.0/STM32CubeIDE/plugins/com.st.stm32cube.ide.mcu.externaltools.gnu-tools-for-stm32.12.3.rel1.win32_1.1.0.202410251130/tools/bin/../lib/gcc/arm-none-eabi/12.3.1/thumb/v7e-m+fp/hard/crtbegin.o
 *(.init)
 .init          0x08005d70        0x4 C:/ST/STM32CubeIDE_1.17.0/STM32CubeIDE/plugins/com.st.stm32cube.ide.mcu.externaltools.gnu-tools-for-stm32.12.3.rel1.win32_1.1.0.202410251130/tools/bin/../lib/gcc/arm-none-eabi/12.3.1/thumb/v7e-m+fp/hard/crti.o
                0x08005d70                _init
 .init          0x08005d74        0x8 C:/ST/STM32CubeIDE_1.17.0/STM32CubeIDE/plugins/com.st.stm32cube.ide.mcu.externaltools.gnu-tools-for-stm32.12.3.rel1.win32_1.1.0.202410251130/tools/bin/../lib/gcc/arm-none-eabi/12.3.1/thumb/v7e-m+fp/hard/crtn.o
 *(.fini)
 .fini          0x08005d7c        0x4 C:/ST/STM32CubeIDE_1.17.0/STM32CubeIDE/plugins/com.st.stm32cube.ide.mcu.externaltools.gnu-tools-for-stm32.12.3.rel1.win32_1.1.0.202410251130/tools/bin/../lib/gcc/arm-none-eabi/12.3.1/thumb/v7e-m+fp/hard/crti.o
                0x08005d7c                _fini
 .fini          0x08005d80        0x8 C:/ST/STM32CubeIDE_1.17.0/STM32CubeIDE/plugins/com.st.stm32cube.ide.mcu.externaltools.gnu-tools-for-stm32.12.3.rel1.win32_1.1.0.202410251130/tools/bin/../lib/gcc/arm-none-eabi/12.3.1/thumb/v7e-m+fp/hard/crtn.o
                0x08005d88                        . = ALIGN (0x4)
                0x08005d88                        _etext = .

.vfp11_veneer   0x08005d88        0x0
 .vfp11_veneer  0x08005d88        0x0 linker stubs

.v4_bx          0x08005d88        0x0
 .v4_bx         0x08005d88        0x0 linker stubs

.iplt           0x08005d88        0x0
 .iplt          0x08005d88        0x0 C:/ST/STM32CubeIDE_1.17.0/STM32CubeIDE/plugins/com.st.stm32cube.ide.mcu.externaltools.gnu-tools-for-stm32.12.3.rel1.win32_1.1.0.202410251130/tools/bin/../lib/gcc/arm-none-eabi/12.3.1/thumb/v7e-m+fp/hard/crtbegin.o

.rodata         0x08005d88     0x1574
                0x08005d88                        . = ALIGN (0x4)
 *(.rodata)
 .rodata        0x08005d88      0x16d ./Core/Src/ui.o
 *(.rodata*)
 *fill*         0x08005ef5        0x3 
 .rodata.Font12_Table
                0x08005ef8      0x474 ./Core/Src/font12.o
                0x08005ef8                Font12_Table
 .rodata.Font16_Table
                0x0800636c      0xbe0 ./Core/Src/font16.o
                0x0800636c                Font16_Table
 .rodata.Font8_Table
                0x08006f4c      0x2f8 ./Core/Src/font8.o
                0x08006f4c                Font8_Table
 .rodata.AHBPrescTable
                0x08007244       0x10 ./Core/Src/system_stm32l4xx.o
                0x08007244                AHBPrescTable
 .rodata.MSIRangeTable
                0x08007254       0x30 ./Core/Src/system_stm32l4xx.o
                0x08007254                MSIRangeTable
 .rodata.init_cmds1
                0x08007284       0x38 ./Core/Src/z_displ_ST7735.o
                0x08007284                init_cmds1
 .rodata.init_cmds2
                0x080072bc        0x1 ./Core/Src/z_displ_ST7735.o
                0x080072bc                init_cmds2
 *fill*         0x080072bd        0x3 
 .rodata.init_cmds3
                0x080072c0        0x7 ./Core/Src/z_displ_ST7735.o
                0x080072c0                init_cmds3
 .rodata._svfprintf_r.str1.1
                0x080072c7       0x11 C:/ST/STM32CubeIDE_1.17.0/STM32CubeIDE/plugins/com.st.stm32cube.ide.mcu.externaltools.gnu-tools-for-stm32.12.3.rel1.win32_1.1.0.202410251130/tools/bin/../lib/gcc/arm-none-eabi/12.3.1/../../../../arm-none-eabi/lib/thumb/v7e-m+fp/hard\libc_nano.a(libc_a-nano-svfprintf.o)
 .rodata._printf_i.str1.1
                0x080072d8       0x22 C:/ST/STM32CubeIDE_1.17.0/STM32CubeIDE/plugins/com.st.stm32cube.ide.mcu.externaltools.gnu-tools-for-stm32.12.3.rel1.win32_1.1.0.202410251130/tools/bin/../lib/gcc/arm-none-eabi/12.3.1/../../../../arm-none-eabi/lib/thumb/v7e-m+fp/hard\libc_nano.a(libc_a-nano-vfprintf_i.o)
                0x080072fc                        . = ALIGN (0x4)
 *fill*         0x080072fa        0x2 

.ARM.extab      0x080072fc        0x0
                0x080072fc                        . = ALIGN (0x4)
 *(.ARM.extab* .gnu.linkonce.armextab.*)
                0x080072fc                        . = ALIGN (0x4)

.ARM            0x080072fc        0x8
                0x080072fc                        . = ALIGN (0x4)
                0x080072fc                        __exidx_start = .
 *(.ARM.exidx*)
 .ARM.exidx     0x080072fc        0x8 C:/ST/STM32CubeIDE_1.17.0/STM32CubeIDE/plugins/com.st.stm32cube.ide.mcu.externaltools.gnu-tools-for-stm32.12.3.rel1.win32_1.1.0.202410251130/tools/bin/../lib/gcc/arm-none-eabi/12.3.1/../../../../arm-none-eabi/lib/thumb/v7e-m+fp/hard\libc_nano.a(libc_a-strlen.o)
 .ARM.exidx     0x08007304        0x0 C:/ST/STM32CubeIDE_1.17.0/STM32CubeIDE/plugins/com.st.stm32cube.ide.mcu.externaltools.gnu-tools-for-stm32.12.3.rel1.win32_1.1.0.202410251130/tools/bin/../lib/gcc/arm-none-eabi/12.3.1/../../../../arm-none-eabi/lib/thumb/v7e-m+fp/hard\libc_nano.a(libc_a-memchr.o)
                                  0x8 (size before relaxing)
                0x08007304                        __exidx_end = .
                0x08007304                        . = ALIGN (0x4)

.preinit_array  0x08007304        0x0
                0x08007304                        . = ALIGN (0x4)
                0x08007304                        PROVIDE (__preinit_array_start = .)
 *(.preinit_array*)
                0x08007304                        PROVIDE (__preinit_array_end = .)
                0x08007304                        . = ALIGN (0x4)

.init_array     0x08007304        0x4
                0x08007304                        . = ALIGN (0x4)
                0x08007304                        PROVIDE (__init_array_start = .)
 *(SORT_BY_NAME(.init_array.*))
 *(.init_array*)
 .init_array    0x08007304        0x4 C:/ST/STM32CubeIDE_1.17.0/STM32CubeIDE/plugins/com.st.stm32cube.ide.mcu.externaltools.gnu-tools-for-stm32.12.3.rel1.win32_1.1.0.202410251130/tools/bin/../lib/gcc/arm-none-eabi/12.3.1/thumb/v7e-m+fp/hard/crtbegin.o
                0x08007308                        PROVIDE (__init_array_end = .)
                0x08007308                        . = ALIGN (0x4)

.fini_array     0x08007308        0x4
                0x08007308                        . = ALIGN (0x4)
                [!provide]                        PROVIDE (__fini_array_start = .)
 *(SORT_BY_NAME(.fini_array.*))
 *(.fini_array*)
 .fini_array    0x08007308        0x4 C:/ST/STM32CubeIDE_1.17.0/STM32CubeIDE/plugins/com.st.stm32cube.ide.mcu.externaltools.gnu-tools-for-stm32.12.3.rel1.win32_1.1.0.202410251130/tools/bin/../lib/gcc/arm-none-eabi/12.3.1/thumb/v7e-m+fp/hard/crtbegin.o
                [!provide]                        PROVIDE (__fini_array_end = .)
                0x0800730c                        . = ALIGN (0x4)
                0x0800730c                        _sidata = LOADADDR (.data)

.rel.dyn        0x0800730c        0x0
 .rel.iplt      0x0800730c        0x0 C:/ST/STM32CubeIDE_1.17.0/STM32CubeIDE/plugins/com.st.stm32cube.ide.mcu.externaltools.gnu-tools-for-stm32.12.3.rel1.win32_1.1.0.202410251130/tools/bin/../lib/gcc/arm-none-eabi/12.3.1/thumb/v7e-m+fp/hard/crtbegin.o

.data           0x20000000       0x98 load address 0x0800730c
                0x20000000                        . = ALIGN (0x4)
                0x20000000                        _sdata = .
 *(.data)
 *(.data*)
 .data.Font12   0x20000000        0xc ./Core/Src/font12.o
                0x20000000                Font12
 .data.Font16   0x2000000c        0xc ./Core/Src/font16.o
                0x2000000c                Font16
 .data.Font8    0x20000018        0xc ./Core/Src/font8.o
                0x20000018                Font8
 .data.SystemCoreClock
                0x20000024        0x4 ./Core/Src/system_stm32l4xx.o
                0x20000024                SystemCoreClock
 .data.s_screenNeedsRedraw
                0x20000028        0x1 ./Core/Src/ui.o
 *fill*         0x20000029        0x3 
 .data.MENU_LABELS
                0x2000002c        0xc ./Core/Src/ui.o
 .data.dispSpiAvailable
                0x20000038        0x4 ./Core/Src/z_displ_ST7735.o
 .data.dispBuffer
                0x2000003c        0x4 ./Core/Src/z_displ_ST7735.o
 .data.uwTickPrio
                0x20000040        0x4 ./Drivers/STM32L4xx_HAL_Driver/Src/stm32l4xx_hal.o
                0x20000040                uwTickPrio
 .data.uwTickFreq
                0x20000044        0x1 ./Drivers/STM32L4xx_HAL_Driver/Src/stm32l4xx_hal.o
                0x20000044                uwTickFreq
 *fill*         0x20000045        0x3 
 .data._impure_ptr
                0x20000048        0x4 C:/ST/STM32CubeIDE_1.17.0/STM32CubeIDE/plugins/com.st.stm32cube.ide.mcu.externaltools.gnu-tools-for-stm32.12.3.rel1.win32_1.1.0.202410251130/tools/bin/../lib/gcc/arm-none-eabi/12.3.1/../../../../arm-none-eabi/lib/thumb/v7e-m+fp/hard\libc_nano.a(libc_a-impure.o)
                0x20000048                _impure_ptr
 .data._impure_data
                0x2000004c       0x4c C:/ST/STM32CubeIDE_1.17.0/STM32CubeIDE/plugins/com.st.stm32cube.ide.mcu.externaltools.gnu-tools-for-stm32.12.3.rel1.win32_1.1.0.202410251130/tools/bin/../lib/gcc/arm-none-eabi/12.3.1/../../../../arm-none-eabi/lib/thumb/v7e-m+fp/hard\libc_nano.a(libc_a-impure.o)
                0x2000004c                _impure_data
 *(.RamFunc)
 *(.RamFunc*)
                0x20000098                        . = ALIGN (0x4)
                0x20000098                        _edata = .

.igot.plt       0x20000098        0x0 load address 0x080073a4
 .igot.plt      0x20000098        0x0 C:/ST/STM32CubeIDE_1.17.0/STM32CubeIDE/plugins/com.st.stm32cube.ide.mcu.externaltools.gnu-tools-for-stm32.12.3.rel1.win32_1.1.0.202410251130/tools/bin/../lib/gcc/arm-none-eabi/12.3.1/thumb/v7e-m+fp/hard/crtbegin.o
                0x20000098                        . = ALIGN (0x4)

.bss            0x20000098     0x124c load address 0x080073a4
                0x20000098                        _sbss = .
                0x20000098                        __bss_start__ = _sbss
 *(.bss)
 .bss           0x20000098       0x1c C:/ST/STM32CubeIDE_1.17.0/STM32CubeIDE/plugins/com.st.stm32cube.ide.mcu.externaltools.gnu-tools-for-stm32.12.3.rel1.win32_1.1.0.202410251130/tools/bin/../lib/gcc/arm-none-eabi/12.3.1/thumb/v7e-m+fp/hard/crtbegin.o
 *(.bss*)
 .bss.hspi1     0x200000b4       0x64 ./Core/Src/main.o
                0x200000b4                hspi1
 .bss.hspi3     0x20000118       0x64 ./Core/Src/main.o
                0x20000118                hspi3
 .bss.__sbrk_heap_end
                0x2000017c        0x4 ./Core/Src/sysmem.o
 .bss.s_currentScreen
                0x20000180        0x1 ./Core/Src/ui.o
 .bss.s_menuIndex
                0x20000181        0x1 ./Core/Src/ui.o
 *fill*         0x20000182        0x2 
 .bss.s_tickCounter
                0x20000184        0x4 ./Core/Src/ui.o
 .bss.s_lastButtons
                0x20000188        0x1 ./Core/Src/ui.o
 .bss.s_testRunning
                0x20000189        0x1 ./Core/Src/ui.o
 .bss._width    0x2000018a        0x2 ./Core/Src/z_displ_ST7735.o
                0x2000018a                _width
 .bss._height   0x2000018c        0x2 ./Core/Src/z_displ_ST7735.o
                0x2000018c                _height
 .bss._colstart
                0x2000018e        0x1 ./Core/Src/z_displ_ST7735.o
                0x2000018e                _colstart
 .bss._rowstart
                0x2000018f        0x1 ./Core/Src/z_displ_ST7735.o
                0x2000018f                _rowstart
 .bss._xstart   0x20000190        0x1 ./Core/Src/z_displ_ST7735.o
                0x20000190                _xstart
 .bss._ystart   0x20000191        0x1 ./Core/Src/z_displ_ST7735.o
                0x20000191                _ystart
 *fill*         0x20000192        0x2 
 .bss.dispBuffer1
                0x20000194      0x800 ./Core/Src/z_displ_ST7735.o
 .bss.dispBuffer2
                0x20000994      0x800 ./Core/Src/z_displ_ST7735.o
 .bss.cambia.0  0x20001194        0x1 ./Core/Src/z_displ_ST7735.o
 *fill*         0x20001195        0x3 
 .bss.uwTick    0x20001198        0x4 ./Drivers/STM32L4xx_HAL_Driver/Src/stm32l4xx_hal.o
                0x20001198                uwTick
 .bss.__sf      0x2000119c      0x138 C:/ST/STM32CubeIDE_1.17.0/STM32CubeIDE/plugins/com.st.stm32cube.ide.mcu.externaltools.gnu-tools-for-stm32.12.3.rel1.win32_1.1.0.202410251130/tools/bin/../lib/gcc/arm-none-eabi/12.3.1/../../../../arm-none-eabi/lib/thumb/v7e-m+fp/hard\libc_nano.a(libc_a-findfp.o)
                0x2000119c                __sf
 .bss.errno     0x200012d4        0x4 C:/ST/STM32CubeIDE_1.17.0/STM32CubeIDE/plugins/com.st.stm32cube.ide.mcu.externaltools.gnu-tools-for-stm32.12.3.rel1.win32_1.1.0.202410251130/tools/bin/../lib/gcc/arm-none-eabi/12.3.1/../../../../arm-none-eabi/lib/thumb/v7e-m+fp/hard\libc_nano.a(libc_a-reent.o)
                0x200012d4                errno
 .bss.__lock___malloc_recursive_mutex
                0x200012d8        0x1 C:/ST/STM32CubeIDE_1.17.0/STM32CubeIDE/plugins/com.st.stm32cube.ide.mcu.externaltools.gnu-tools-for-stm32.12.3.rel1.win32_1.1.0.202410251130/tools/bin/../lib/gcc/arm-none-eabi/12.3.1/../../../../arm-none-eabi/lib/thumb/v7e-m+fp/hard\libc_nano.a(libc_a-lock.o)
                0x200012d8                __lock___malloc_recursive_mutex
 *fill*         0x200012d9        0x3 
 .bss.__malloc_sbrk_start
                0x200012dc        0x4 C:/ST/STM32CubeIDE_1.17.0/STM32CubeIDE/plugins/com.st.stm32cube.ide.mcu.externaltools.gnu-tools-for-stm32.12.3.rel1.win32_1.1.0.202410251130/tools/bin/../lib/gcc/arm-none-eabi/12.3.1/../../../../arm-none-eabi/lib/thumb/v7e-m+fp/hard\libc_nano.a(libc_a-mallocr.o)
                0x200012dc                __malloc_sbrk_start
 .bss.__malloc_free_list
                0x200012e0        0x4 C:/ST/STM32CubeIDE_1.17.0/STM32CubeIDE/plugins/com.st.stm32cube.ide.mcu.externaltools.gnu-tools-for-stm32.12.3.rel1.win32_1.1.0.202410251130/tools/bin/../lib/gcc/arm-none-eabi/12.3.1/../../../../arm-none-eabi/lib/thumb/v7e-m+fp/hard\libc_nano.a(libc_a-mallocr.o)
                0x200012e0                __malloc_free_list
 *(COMMON)
                0x200012e4                        . = ALIGN (0x4)
                0x200012e4                        _ebss = .
                0x200012e4                        __bss_end__ = _ebss

._user_heap_stack
                0x200012e4      0x604 load address 0x080073a4
                0x200012e8                        . = ALIGN (0x8)
 *fill*         0x200012e4        0x4 
                [!provide]                        PROVIDE (end = .)
                0x200012e8                        PROVIDE (_end = .)
                0x200014e8                        . = (. + _Min_Heap_Size)
 *fill*         0x200012e8      0x200 
                0x200018e8                        . = (. + _Min_Stack_Size)
 *fill*         0x200014e8      0x400 
                0x200018e8                        . = ALIGN (0x8)

/DISCARD/
 libc.a(*)
 libm.a(*)
 libgcc.a(*)

.ARM.attributes
                0x00000000       0x30
 *(.ARM.attributes)
 .ARM.attributes
                0x00000000       0x22 C:/ST/STM32CubeIDE_1.17.0/STM32CubeIDE/plugins/com.st.stm32cube.ide.mcu.externaltools.gnu-tools-for-stm32.12.3.rel1.win32_1.1.0.202410251130/tools/bin/../lib/gcc/arm-none-eabi/12.3.1/thumb/v7e-m+fp/hard/crti.o
 .ARM.attributes
                0x00000022       0x34 C:/ST/STM32CubeIDE_1.17.0/STM32CubeIDE/plugins/com.st.stm32cube.ide.mcu.externaltools.gnu-tools-for-stm32.12.3.rel1.win32_1.1.0.202410251130/tools/bin/../lib/gcc/arm-none-eabi/12.3.1/thumb/v7e-m+fp/hard/crtbegin.o
 .ARM.attributes
                0x00000056       0x34 ./Core/Src/font12.o
 .ARM.attributes
                0x0000008a       0x34 ./Core/Src/font16.o
 .ARM.attributes
                0x000000be       0x34 ./Core/Src/font8.o
 .ARM.attributes
                0x000000f2       0x34 ./Core/Src/main.o
 .ARM.attributes
                0x00000126       0x34 ./Core/Src/stm32l4xx_hal_msp.o
 .ARM.attributes
                0x0000015a       0x34 ./Core/Src/stm32l4xx_it.o
 .ARM.attributes
                0x0000018e       0x34 ./Core/Src/sysmem.o
 .ARM.attributes
                0x000001c2       0x34 ./Core/Src/system_stm32l4xx.o
 .ARM.attributes
                0x000001f6       0x34 ./Core/Src/ui.o
 .ARM.attributes
                0x0000022a       0x34 ./Core/Src/z_displ_ST7735.o
 .ARM.attributes
                0x0000025e       0x34 ./Core/Src/z_displ_ST7735_test.o
 .ARM.attributes
                0x00000292       0x21 ./Core/Startup/startup_stm32l4s5vitx.o
 .ARM.attributes
                0x000002b3       0x34 ./Drivers/STM32L4xx_HAL_Driver/Src/stm32l4xx_hal.o
 .ARM.attributes
                0x000002e7       0x34 ./Drivers/STM32L4xx_HAL_Driver/Src/stm32l4xx_hal_cortex.o
 .ARM.attributes
                0x0000031b       0x34 ./Drivers/STM32L4xx_HAL_Driver/Src/stm32l4xx_hal_gpio.o
 .ARM.attributes
                0x0000034f       0x34 ./Drivers/STM32L4xx_HAL_Driver/Src/stm32l4xx_hal_pwr_ex.o
 .ARM.attributes
                0x00000383       0x34 ./Drivers/STM32L4xx_HAL_Driver/Src/stm32l4xx_hal_rcc.o
 .ARM.attributes
                0x000003b7       0x34 ./Drivers/STM32L4xx_HAL_Driver/Src/stm32l4xx_hal_spi.o
 .ARM.attributes
                0x000003eb       0x34 C:/ST/STM32CubeIDE_1.17.0/STM32CubeIDE/plugins/com.st.stm32cube.ide.mcu.externaltools.gnu-tools-for-stm32.12.3.rel1.win32_1.1.0.202410251130/tools/bin/../lib/gcc/arm-none-eabi/12.3.1/../../../../arm-none-eabi/lib/thumb/v7e-m+fp/hard\libc_nano.a(libc_a-findfp.o)
 .ARM.attributes
                0x0000041f       0x34 C:/ST/STM32CubeIDE_1.17.0/STM32CubeIDE/plugins/com.st.stm32cube.ide.mcu.externaltools.gnu-tools-for-stm32.12.3.rel1.win32_1.1.0.202410251130/tools/bin/../lib/gcc/arm-none-eabi/12.3.1/../../../../arm-none-eabi/lib/thumb/v7e-m+fp/hard\libc_nano.a(libc_a-snprintf.o)
 .ARM.attributes
                0x00000453       0x34 C:/ST/STM32CubeIDE_1.17.0/STM32CubeIDE/plugins/com.st.stm32cube.ide.mcu.externaltools.gnu-tools-for-stm32.12.3.rel1.win32_1.1.0.202410251130/tools/bin/../lib/gcc/arm-none-eabi/12.3.1/../../../../arm-none-eabi/lib/thumb/v7e-m+fp/hard\libc_nano.a(libc_a-memset.o)
 .ARM.attributes
                0x00000487       0x34 C:/ST/STM32CubeIDE_1.17.0/STM32CubeIDE/plugins/com.st.stm32cube.ide.mcu.externaltools.gnu-tools-for-stm32.12.3.rel1.win32_1.1.0.202410251130/tools/bin/../lib/gcc/arm-none-eabi/12.3.1/../../../../arm-none-eabi/lib/thumb/v7e-m+fp/hard\libc_nano.a(libc_a-reent.o)
 .ARM.attributes
                0x000004bb       0x34 C:/ST/STM32CubeIDE_1.17.0/STM32CubeIDE/plugins/com.st.stm32cube.ide.mcu.externaltools.gnu-tools-for-stm32.12.3.rel1.win32_1.1.0.202410251130/tools/bin/../lib/gcc/arm-none-eabi/12.3.1/../../../../arm-none-eabi/lib/thumb/v7e-m+fp/hard\libc_nano.a(libc_a-impure.o)
 .ARM.attributes
                0x000004ef       0x34 C:/ST/STM32CubeIDE_1.17.0/STM32CubeIDE/plugins/com.st.stm32cube.ide.mcu.externaltools.gnu-tools-for-stm32.12.3.rel1.win32_1.1.0.202410251130/tools/bin/../lib/gcc/arm-none-eabi/12.3.1/../../../../arm-none-eabi/lib/thumb/v7e-m+fp/hard\libc_nano.a(libc_a-errno.o)
 .ARM.attributes
                0x00000523       0x34 C:/ST/STM32CubeIDE_1.17.0/STM32CubeIDE/plugins/com.st.stm32cube.ide.mcu.externaltools.gnu-tools-for-stm32.12.3.rel1.win32_1.1.0.202410251130/tools/bin/../lib/gcc/arm-none-eabi/12.3.1/../../../../arm-none-eabi/lib/thumb/v7e-m+fp/hard\libc_nano.a(libc_a-init.o)
 .ARM.attributes
                0x00000557       0x34 C:/ST/STM32CubeIDE_1.17.0/STM32CubeIDE/plugins/com.st.stm32cube.ide.mcu.externaltools.gnu-tools-for-stm32.12.3.rel1.win32_1.1.0.202410251130/tools/bin/../lib/gcc/arm-none-eabi/12.3.1/../../../../arm-none-eabi/lib/thumb/v7e-m+fp/hard\libc_nano.a(libc_a-lock.o)
 .ARM.attributes
                0x0000058b       0x17 C:/ST/STM32CubeIDE_1.17.0/STM32CubeIDE/plugins/com.st.stm32cube.ide.mcu.externaltools.gnu-tools-for-stm32.12.3.rel1.win32_1.1.0.202410251130/tools/bin/../lib/gcc/arm-none-eabi/12.3.1/../../../../arm-none-eabi/lib/thumb/v7e-m+fp/hard\libc_nano.a(libc_a-strlen.o)
 .ARM.attributes
                0x000005a2       0x34 C:/ST/STM32CubeIDE_1.17.0/STM32CubeIDE/plugins/com.st.stm32cube.ide.mcu.externaltools.gnu-tools-for-stm32.12.3.rel1.win32_1.1.0.202410251130/tools/bin/../lib/gcc/arm-none-eabi/12.3.1/../../../../arm-none-eabi/lib/thumb/v7e-m+fp/hard\libc_nano.a(libc_a-freer.o)
 .ARM.attributes
                0x000005d6       0x34 C:/ST/STM32CubeIDE_1.17.0/STM32CubeIDE/plugins/com.st.stm32cube.ide.mcu.externaltools.gnu-tools-for-stm32.12.3.rel1.win32_1.1.0.202410251130/tools/bin/../lib/gcc/arm-none-eabi/12.3.1/../../../../arm-none-eabi/lib/thumb/v7e-m+fp/hard\libc_nano.a(libc_a-mallocr.o)
 .ARM.attributes
                0x0000060a       0x34 C:/ST/STM32CubeIDE_1.17.0/STM32CubeIDE/plugins/com.st.stm32cube.ide.mcu.externaltools.gnu-tools-for-stm32.12.3.rel1.win32_1.1.0.202410251130/tools/bin/../lib/gcc/arm-none-eabi/12.3.1/../../../../arm-none-eabi/lib/thumb/v7e-m+fp/hard\libc_nano.a(libc_a-mlock.o)
 .ARM.attributes
                0x0000063e       0x34 C:/ST/STM32CubeIDE_1.17.0/STM32CubeIDE/plugins/com.st.stm32cube.ide.mcu.externaltools.gnu-tools-for-stm32.12.3.rel1.win32_1.1.0.202410251130/tools/bin/../lib/gcc/arm-none-eabi/12.3.1/../../../../arm-none-eabi/lib/thumb/v7e-m+fp/hard\libc_nano.a(libc_a-nano-svfprintf.o)
 .ARM.attributes
                0x00000672       0x34 C:/ST/STM32CubeIDE_1.17.0/STM32CubeIDE/plugins/com.st.stm32cube.ide.mcu.externaltools.gnu-tools-for-stm32.12.3.rel1.win32_1.1.0.202410251130/tools/bin/../lib/gcc/arm-none-eabi/12.3.1/../../../../arm-none-eabi/lib/thumb/v7e-m+fp/hard\libc_nano.a(libc_a-nano-vfprintf_i.o)
 .ARM.attributes
                0x000006a6       0x34 C:/ST/STM32CubeIDE_1.17.0/STM32CubeIDE/plugins/com.st.stm32cube.ide.mcu.externaltools.gnu-tools-for-stm32.12.3.rel1.win32_1.1.0.202410251130/tools/bin/../lib/gcc/arm-none-eabi/12.3.1/../../../../arm-none-eabi/lib/thumb/v7e-m+fp/hard\libc_nano.a(libc_a-memmove.o)
 .ARM.attributes
                0x000006da       0x34 C:/ST/STM32CubeIDE_1.17.0/STM32CubeIDE/plugins/com.st.stm32cube.ide.mcu.externaltools.gnu-tools-for-stm32.12.3.rel1.win32_1.1.0.202410251130/tools/bin/../lib/gcc/arm-none-eabi/12.3.1/../../../../arm-none-eabi/lib/thumb/v7e-m+fp/hard\libc_nano.a(libc_a-sbrkr.o)
 .ARM.attributes
                0x0000070e       0x1c C:/ST/STM32CubeIDE_1.17.0/STM32CubeIDE/plugins/com.st.stm32cube.ide.mcu.externaltools.gnu-tools-for-stm32.12.3.rel1.win32_1.1.0.202410251130/tools/bin/../lib/gcc/arm-none-eabi/12.3.1/../../../../arm-none-eabi/lib/thumb/v7e-m+fp/hard\libc_nano.a(libc_a-memchr.o)
 .ARM.attributes
                0x0000072a       0x34 C:/ST/STM32CubeIDE_1.17.0/STM32CubeIDE/plugins/com.st.stm32cube.ide.mcu.externaltools.gnu-tools-for-stm32.12.3.rel1.win32_1.1.0.202410251130/tools/bin/../lib/gcc/arm-none-eabi/12.3.1/../../../../arm-none-eabi/lib/thumb/v7e-m+fp/hard\libc_nano.a(libc_a-memcpy-stub.o)
 .ARM.attributes
                0x0000075e       0x34 C:/ST/STM32CubeIDE_1.17.0/STM32CubeIDE/plugins/com.st.stm32cube.ide.mcu.externaltools.gnu-tools-for-stm32.12.3.rel1.win32_1.1.0.202410251130/tools/bin/../lib/gcc/arm-none-eabi/12.3.1/../../../../arm-none-eabi/lib/thumb/v7e-m+fp/hard\libc_nano.a(libc_a-reallocr.o)
 .ARM.attributes
                0x00000792       0x34 C:/ST/STM32CubeIDE_1.17.0/STM32CubeIDE/plugins/com.st.stm32cube.ide.mcu.externaltools.gnu-tools-for-stm32.12.3.rel1.win32_1.1.0.202410251130/tools/bin/../lib/gcc/arm-none-eabi/12.3.1/../../../../arm-none-eabi/lib/thumb/v7e-m+fp/hard\libc_nano.a(libc_a-msizer.o)
 .ARM.attributes
                0x000007c6       0x22 C:/ST/STM32CubeIDE_1.17.0/STM32CubeIDE/plugins/com.st.stm32cube.ide.mcu.externaltools.gnu-tools-for-stm32.12.3.rel1.win32_1.1.0.202410251130/tools/bin/../lib/gcc/arm-none-eabi/12.3.1/thumb/v7e-m+fp/hard/crtn.o
OUTPUT(InducedRFTwo.elf elf32-littlearm)
LOAD linker stubs
LOAD C:/ST/STM32CubeIDE_1.17.0/STM32CubeIDE/plugins/com.st.stm32cube.ide.mcu.externaltools.gnu-tools-for-stm32.12.3.rel1.win32_1.1.0.202410251130/tools/bin/../lib/gcc/arm-none-eabi/12.3.1/../../../../arm-none-eabi/lib/thumb/v7e-m+fp/hard\libc.a
LOAD C:/ST/STM32CubeIDE_1.17.0/STM32CubeIDE/plugins/com.st.stm32cube.ide.mcu.externaltools.gnu-tools-for-stm32.12.3.rel1.win32_1.1.0.202410251130/tools/bin/../lib/gcc/arm-none-eabi/12.3.1/../../../../arm-none-eabi/lib/thumb/v7e-m+fp/hard\libm.a
LOAD C:/ST/STM32CubeIDE_1.17.0/STM32CubeIDE/plugins/com.st.stm32cube.ide.mcu.externaltools.gnu-tools-for-stm32.12.3.rel1.win32_1.1.0.202410251130/tools/bin/../lib/gcc/arm-none-eabi/12.3.1/thumb/v7e-m+fp/hard\libgcc.a

.debug_info     0x00000000     0xa453
 .debug_info    0x00000000      0x131 ./Core/Src/font12.o
 .debug_info    0x00000131      0x131 ./Core/Src/font16.o
 .debug_info    0x00000262      0x131 ./Core/Src/font8.o
 .debug_info    0x00000393     0x117e ./Core/Src/main.o
 .debug_info    0x00001511      0xb2f ./Core/Src/stm32l4xx_hal_msp.o
 .debug_info    0x00002040      0x1a7 ./Core/Src/stm32l4xx_it.o
 .debug_info    0x000021e7      0x168 ./Core/Src/sysmem.o
 .debug_info    0x0000234f      0x61a ./Core/Src/system_stm32l4xx.o
 .debug_info    0x00002969      0x671 ./Core/Src/ui.o
 .debug_info    0x00002fda     0x19c5 ./Core/Src/z_displ_ST7735.o
 .debug_info    0x0000499f      0xb3a ./Core/Src/z_displ_ST7735_test.o
 .debug_info    0x000054d9       0x30 ./Core/Startup/startup_stm32l4s5vitx.o
 .debug_info    0x00005509      0xb91 ./Drivers/STM32L4xx_HAL_Driver/Src/stm32l4xx_hal.o
 .debug_info    0x0000609a      0xdcb ./Drivers/STM32L4xx_HAL_Driver/Src/stm32l4xx_hal_cortex.o
 .debug_info    0x00006e65      0x7cf ./Drivers/STM32L4xx_HAL_Driver/Src/stm32l4xx_hal_gpio.o
 .debug_info    0x00007634      0xa36 ./Drivers/STM32L4xx_HAL_Driver/Src/stm32l4xx_hal_pwr_ex.o
 .debug_info    0x0000806a      0xd63 ./Drivers/STM32L4xx_HAL_Driver/Src/stm32l4xx_hal_rcc.o
 .debug_info    0x00008dcd     0x1686 ./Drivers/STM32L4xx_HAL_Driver/Src/stm32l4xx_hal_spi.o

.debug_abbrev   0x00000000     0x1fcc
 .debug_abbrev  0x00000000       0xb1 ./Core/Src/font12.o
 .debug_abbrev  0x000000b1       0xb1 ./Core/Src/font16.o
 .debug_abbrev  0x00000162       0xb1 ./Core/Src/font8.o
 .debug_abbrev  0x00000213      0x2cd ./Core/Src/main.o
 .debug_abbrev  0x000004e0      0x1a9 ./Core/Src/stm32l4xx_hal_msp.o
 .debug_abbrev  0x00000689       0xca ./Core/Src/stm32l4xx_it.o
 .debug_abbrev  0x00000753       0xbc ./Core/Src/sysmem.o
 .debug_abbrev  0x0000080f      0x117 ./Core/Src/system_stm32l4xx.o
 .debug_abbrev  0x00000926      0x24d ./Core/Src/ui.o
 .debug_abbrev  0x00000b73      0x330 ./Core/Src/z_displ_ST7735.o
 .debug_abbrev  0x00000ea3      0x246 ./Core/Src/z_displ_ST7735_test.o
 .debug_abbrev  0x000010e9       0x24 ./Core/Startup/startup_stm32l4s5vitx.o
 .debug_abbrev  0x0000110d      0x243 ./Drivers/STM32L4xx_HAL_Driver/Src/stm32l4xx_hal.o
 .debug_abbrev  0x00001350      0x31c ./Drivers/STM32L4xx_HAL_Driver/Src/stm32l4xx_hal_cortex.o
 .debug_abbrev  0x0000166c      0x1d1 ./Drivers/STM32L4xx_HAL_Driver/Src/stm32l4xx_hal_gpio.o
 .debug_abbrev  0x0000183d      0x1f9 ./Drivers/STM32L4xx_HAL_Driver/Src/stm32l4xx_hal_pwr_ex.o
 .debug_abbrev  0x00001a36      0x317 ./Drivers/STM32L4xx_HAL_Driver/Src/stm32l4xx_hal_rcc.o
 .debug_abbrev  0x00001d4d      0x27f ./Drivers/STM32L4xx_HAL_Driver/Src/stm32l4xx_hal_spi.o

.debug_aranges  0x00000000      0xa90
 .debug_aranges
                0x00000000       0x18 ./Core/Src/font12.o
 .debug_aranges
                0x00000018       0x18 ./Core/Src/font16.o
 .debug_aranges
                0x00000030       0x18 ./Core/Src/font8.o
 .debug_aranges
                0x00000048       0x50 ./Core/Src/main.o
 .debug_aranges
                0x00000098       0x30 ./Core/Src/stm32l4xx_hal_msp.o
 .debug_aranges
                0x000000c8       0x70 ./Core/Src/stm32l4xx_it.o
 .debug_aranges
                0x00000138       0x20 ./Core/Src/sysmem.o
 .debug_aranges
                0x00000158       0x28 ./Core/Src/system_stm32l4xx.o
 .debug_aranges
                0x00000180       0x80 ./Core/Src/ui.o
 .debug_aranges
                0x00000200      0x128 ./Core/Src/z_displ_ST7735.o
 .debug_aranges
                0x00000328       0xb0 ./Core/Src/z_displ_ST7735_test.o
 .debug_aranges
                0x000003d8       0x28 ./Core/Startup/startup_stm32l4s5vitx.o
 .debug_aranges
                0x00000400      0x130 ./Drivers/STM32L4xx_HAL_Driver/Src/stm32l4xx_hal.o
 .debug_aranges
                0x00000530      0x128 ./Drivers/STM32L4xx_HAL_Driver/Src/stm32l4xx_hal_cortex.o
 .debug_aranges
                0x00000658       0x58 ./Drivers/STM32L4xx_HAL_Driver/Src/stm32l4xx_hal_gpio.o
 .debug_aranges
                0x000006b0      0x170 ./Drivers/STM32L4xx_HAL_Driver/Src/stm32l4xx_hal_pwr_ex.o
 .debug_aranges
                0x00000820       0x98 ./Drivers/STM32L4xx_HAL_Driver/Src/stm32l4xx_hal_rcc.o
 .debug_aranges
                0x000008b8      0x1d8 ./Drivers/STM32L4xx_HAL_Driver/Src/stm32l4xx_hal_spi.o

.debug_macro    0x00000000    0x2b11c
 .debug_macro   0x00000000       0x6d ./Core/Src/font12.o
 .debug_macro   0x0000006d      0xab4 ./Core/Src/font12.o
 .debug_macro   0x00000b21       0x22 ./Core/Src/font12.o
 .debug_macro   0x00000b43       0x8e ./Core/Src/font12.o
 .debug_macro   0x00000bd1       0x51 ./Core/Src/font12.o
 .debug_macro   0x00000c22      0x103 ./Core/Src/font12.o
 .debug_macro   0x00000d25       0x6a ./Core/Src/font12.o
 .debug_macro   0x00000d8f      0x1df ./Core/Src/font12.o
 .debug_macro   0x00000f6e       0x6d ./Core/Src/font16.o
 .debug_macro   0x00000fdb       0x6d ./Core/Src/font8.o
 .debug_macro   0x00001048      0x37d ./Core/Src/main.o
 .debug_macro   0x000013c5      0x1a1 ./Core/Src/main.o
 .debug_macro   0x00001566       0x2e ./Core/Src/main.o
 .debug_macro   0x00001594       0x28 ./Core/Src/main.o
 .debug_macro   0x000015bc       0x1c ./Core/Src/main.o
 .debug_macro   0x000015d8       0x22 ./Core/Src/main.o
 .debug_macro   0x000015fa       0xfb ./Core/Src/main.o
 .debug_macro   0x000016f5     0x1011 ./Core/Src/main.o
 .debug_macro   0x00002706      0x11f ./Core/Src/main.o
 .debug_macro   0x00002825    0x1d2a7 ./Core/Src/main.o
 .debug_macro   0x0001facc       0x6d ./Core/Src/main.o
 .debug_macro   0x0001fb39     0x3902 ./Core/Src/main.o
 .debug_macro   0x0002343b      0x189 ./Core/Src/main.o
 .debug_macro   0x000235c4       0x5c ./Core/Src/main.o
 .debug_macro   0x00023620     0x1910 ./Core/Src/main.o
 .debug_macro   0x00024f30      0x7dc ./Core/Src/main.o
 .debug_macro   0x0002570c      0x1b9 ./Core/Src/main.o
 .debug_macro   0x000258c5      0x225 ./Core/Src/main.o
 .debug_macro   0x00025aea      0x5c9 ./Core/Src/main.o
 .debug_macro   0x000260b3      0x280 ./Core/Src/main.o
 .debug_macro   0x00026333      0x495 ./Core/Src/main.o
 .debug_macro   0x000267c8      0x1d9 ./Core/Src/main.o
 .debug_macro   0x000269a1       0x43 ./Core/Src/main.o
 .debug_macro   0x000269e4      0x23d ./Core/Src/main.o
 .debug_macro   0x00026c21      0x241 ./Core/Src/main.o
 .debug_macro   0x00026e62      0x416 ./Core/Src/main.o
 .debug_macro   0x00027278       0x1c ./Core/Src/main.o
 .debug_macro   0x00027294       0xf2 ./Core/Src/main.o
 .debug_macro   0x00027386      0x122 ./Core/Src/main.o
 .debug_macro   0x000274a8      0x3f6 ./Core/Src/main.o
 .debug_macro   0x0002789e      0x2fe ./Core/Src/main.o
 .debug_macro   0x00027b9c      0x432 ./Core/Src/main.o
 .debug_macro   0x00027fce       0x61 ./Core/Src/main.o
 .debug_macro   0x0002802f       0x2a ./Core/Src/main.o
 .debug_macro   0x00028059       0x43 ./Core/Src/main.o
 .debug_macro   0x0002809c       0x34 ./Core/Src/main.o
 .debug_macro   0x000280d0       0x16 ./Core/Src/main.o
 .debug_macro   0x000280e6       0x43 ./Core/Src/main.o
 .debug_macro   0x00028129       0x34 ./Core/Src/main.o
 .debug_macro   0x0002815d       0x10 ./Core/Src/main.o
 .debug_macro   0x0002816d       0x58 ./Core/Src/main.o
 .debug_macro   0x000281c5       0x8e ./Core/Src/main.o
 .debug_macro   0x00028253       0x1c ./Core/Src/main.o
 .debug_macro   0x0002826f      0x177 ./Core/Src/main.o
 .debug_macro   0x000283e6      0x369 ./Core/Src/main.o
 .debug_macro   0x0002874f       0x10 ./Core/Src/main.o
 .debug_macro   0x0002875f       0x35 ./Core/Src/main.o
 .debug_macro   0x00028794       0x20 ./Core/Src/main.o
 .debug_macro   0x000287b4      0x103 ./Core/Src/main.o
 .debug_macro   0x000288b7       0x1c ./Core/Src/main.o
 .debug_macro   0x000288d3       0x10 ./Core/Src/main.o
 .debug_macro   0x000288e3       0x1c ./Core/Src/main.o
 .debug_macro   0x000288ff       0x16 ./Core/Src/main.o
 .debug_macro   0x00028915      0x146 ./Core/Src/main.o
 .debug_macro   0x00028a5b       0x16 ./Core/Src/main.o
 .debug_macro   0x00028a71       0x16 ./Core/Src/main.o
 .debug_macro   0x00028a87       0x29 ./Core/Src/main.o
 .debug_macro   0x00028ab0       0x10 ./Core/Src/main.o
 .debug_macro   0x00028ac0       0x76 ./Core/Src/main.o
 .debug_macro   0x00028b36      0x423 ./Core/Src/main.o
 .debug_macro   0x00028f59      0x34f ./Core/Src/stm32l4xx_hal_msp.o
 .debug_macro   0x000292a8      0x359 ./Core/Src/stm32l4xx_it.o
 .debug_macro   0x00029601       0xff ./Core/Src/sysmem.o
 .debug_macro   0x00029700      0x23c ./Core/Src/sysmem.o
 .debug_macro   0x0002993c      0x1d9 ./Core/Src/system_stm32l4xx.o
 .debug_macro   0x00029b15      0x1fa ./Core/Src/ui.o
 .debug_macro   0x00029d0f       0x70 ./Core/Src/ui.o
 .debug_macro   0x00029d7f      0x46f ./Core/Src/z_displ_ST7735.o
 .debug_macro   0x0002a1ee      0x34f ./Core/Src/z_displ_ST7735_test.o
 .debug_macro   0x0002a53d      0x227 ./Drivers/STM32L4xx_HAL_Driver/Src/stm32l4xx_hal.o
 .debug_macro   0x0002a764      0x1d9 ./Drivers/STM32L4xx_HAL_Driver/Src/stm32l4xx_hal_cortex.o
 .debug_macro   0x0002a93d      0x1e0 ./Drivers/STM32L4xx_HAL_Driver/Src/stm32l4xx_hal_gpio.o
 .debug_macro   0x0002ab1d      0x203 ./Drivers/STM32L4xx_HAL_Driver/Src/stm32l4xx_hal_pwr_ex.o
 .debug_macro   0x0002ad20      0x21b ./Drivers/STM32L4xx_HAL_Driver/Src/stm32l4xx_hal_rcc.o
 .debug_macro   0x0002af3b      0x1e1 ./Drivers/STM32L4xx_HAL_Driver/Src/stm32l4xx_hal_spi.o

.debug_line     0x00000000     0xcedd
 .debug_line    0x00000000      0x40b ./Core/Src/font12.o
 .debug_line    0x0000040b      0x40b ./Core/Src/font16.o
 .debug_line    0x00000816      0x40a ./Core/Src/font8.o
 .debug_line    0x00000c20      0xbe1 ./Core/Src/main.o
 .debug_line    0x00001801      0x9c3 ./Core/Src/stm32l4xx_hal_msp.o
 .debug_line    0x000021c4      0xa3f ./Core/Src/stm32l4xx_it.o
 .debug_line    0x00002c03      0x579 ./Core/Src/sysmem.o
 .debug_line    0x0000317c      0x7f8 ./Core/Src/system_stm32l4xx.o
 .debug_line    0x00003974      0x928 ./Core/Src/ui.o
 .debug_line    0x0000429c     0x163b ./Core/Src/z_displ_ST7735.o
 .debug_line    0x000058d7     0x12cf ./Core/Src/z_displ_ST7735_test.o
 .debug_line    0x00006ba6       0x7a ./Core/Startup/startup_stm32l4s5vitx.o
 .debug_line    0x00006c20      0xb53 ./Drivers/STM32L4xx_HAL_Driver/Src/stm32l4xx_hal.o
 .debug_line    0x00007773      0xd1c ./Drivers/STM32L4xx_HAL_Driver/Src/stm32l4xx_hal_cortex.o
 .debug_line    0x0000848f      0xbc7 ./Drivers/STM32L4xx_HAL_Driver/Src/stm32l4xx_hal_gpio.o
 .debug_line    0x00009056      0xdba ./Drivers/STM32L4xx_HAL_Driver/Src/stm32l4xx_hal_pwr_ex.o
 .debug_line    0x00009e10     0x10a4 ./Drivers/STM32L4xx_HAL_Driver/Src/stm32l4xx_hal_rcc.o
 .debug_line    0x0000aeb4     0x2029 ./Drivers/STM32L4xx_HAL_Driver/Src/stm32l4xx_hal_spi.o

.debug_str      0x00000000   0x102854
 .debug_str     0x00000000     0x3bf8 ./Core/Src/font12.o
                               0x3d6e (size before relaxing)
 .debug_str     0x00003bf8       0x29 ./Core/Src/font16.o
                               0x3d6e (size before relaxing)
 .debug_str     0x00003c21       0x26 ./Core/Src/font8.o
                               0x3d6b (size before relaxing)
 .debug_str     0x00003c47    0xfbf74 ./Core/Src/main.o
                              0xfff73 (size before relaxing)
 .debug_str     0x000ffbbb       0x63 ./Core/Src/stm32l4xx_hal_msp.o
                              0xff656 (size before relaxing)
 .debug_str     0x000ffc1e      0x10a ./Core/Src/stm32l4xx_it.o
                              0xff041 (size before relaxing)
 .debug_str     0x000ffd28      0x4dc ./Core/Src/sysmem.o
                               0x60bf (size before relaxing)
 .debug_str     0x00100204       0xf2 ./Core/Src/system_stm32l4xx.o
                              0xfa1a9 (size before relaxing)
 .debug_str     0x001002f6      0x2dc ./Core/Src/ui.o
                               0x80cc (size before relaxing)
 .debug_str     0x001005d2      0x758 ./Core/Src/z_displ_ST7735.o
                              0xffd92 (size before relaxing)
 .debug_str     0x00100d2a      0x196 ./Core/Src/z_displ_ST7735_test.o
                              0xff2c7 (size before relaxing)
 .debug_str     0x00100ec0       0x44 ./Core/Startup/startup_stm32l4s5vitx.o
                                 0x72 (size before relaxing)
 .debug_str     0x00100f04      0x62e ./Drivers/STM32L4xx_HAL_Driver/Src/stm32l4xx_hal.o
                              0xfad9c (size before relaxing)
 .debug_str     0x00101532      0x35f ./Drivers/STM32L4xx_HAL_Driver/Src/stm32l4xx_hal_cortex.o
                              0xfaa48 (size before relaxing)
 .debug_str     0x00101891       0xfe ./Drivers/STM32L4xx_HAL_Driver/Src/stm32l4xx_hal_gpio.o
                              0xfa335 (size before relaxing)
 .debug_str     0x0010198f      0x57a ./Drivers/STM32L4xx_HAL_Driver/Src/stm32l4xx_hal_pwr_ex.o
                              0xfa77c (size before relaxing)
 .debug_str     0x00101f09      0x3d2 ./Drivers/STM32L4xx_HAL_Driver/Src/stm32l4xx_hal_rcc.o
                              0xfa81c (size before relaxing)
 .debug_str     0x001022db      0x579 ./Drivers/STM32L4xx_HAL_Driver/Src/stm32l4xx_hal_spi.o
                              0xfaaa0 (size before relaxing)

.comment        0x00000000       0x43
 .comment       0x00000000       0x43 ./Core/Src/font12.o
                                 0x44 (size before relaxing)
 .comment       0x00000043       0x44 ./Core/Src/font16.o
 .comment       0x00000043       0x44 ./Core/Src/font8.o
 .comment       0x00000043       0x44 ./Core/Src/main.o
 .comment       0x00000043       0x44 ./Core/Src/stm32l4xx_hal_msp.o
 .comment       0x00000043       0x44 ./Core/Src/stm32l4xx_it.o
 .comment       0x00000043       0x44 ./Core/Src/sysmem.o
 .comment       0x00000043       0x44 ./Core/Src/system_stm32l4xx.o
 .comment       0x00000043       0x44 ./Core/Src/ui.o
 .comment       0x00000043       0x44 ./Core/Src/z_displ_ST7735.o
 .comment       0x00000043       0x44 ./Core/Src/z_displ_ST7735_test.o
 .comment       0x00000043       0x44 ./Drivers/STM32L4xx_HAL_Driver/Src/stm32l4xx_hal.o
 .comment       0x00000043       0x44 ./Drivers/STM32L4xx_HAL_Driver/Src/stm32l4xx_hal_cortex.o
 .comment       0x00000043       0x44 ./Drivers/STM32L4xx_HAL_Driver/Src/stm32l4xx_hal_gpio.o
 .comment       0x00000043       0x44 ./Drivers/STM32L4xx_HAL_Driver/Src/stm32l4xx_hal_pwr_ex.o
 .comment       0x00000043       0x44 ./Drivers/STM32L4xx_HAL_Driver/Src/stm32l4xx_hal_rcc.o
 .comment       0x00000043       0x44 ./Drivers/STM32L4xx_HAL_Driver/Src/stm32l4xx_hal_spi.o

.debug_rnglists
                0x00000000      0x7c1
 .debug_rnglists
                0x00000000       0x39 ./Core/Src/main.o
 .debug_rnglists
                0x00000039       0x20 ./Core/Src/stm32l4xx_hal_msp.o
 .debug_rnglists
                0x00000059       0x4f ./Core/Src/stm32l4xx_it.o
 .debug_rnglists
                0x000000a8       0x13 ./Core/Src/sysmem.o
 .debug_rnglists
                0x000000bb       0x1a ./Core/Src/system_stm32l4xx.o
 .debug_rnglists
                0x000000d5       0x63 ./Core/Src/ui.o
 .debug_rnglists
                0x00000138       0xea ./Core/Src/z_displ_ST7735.o
 .debug_rnglists
                0x00000222       0x8d ./Core/Src/z_displ_ST7735_test.o
 .debug_rnglists
                0x000002af       0x19 ./Core/Startup/startup_stm32l4s5vitx.o
 .debug_rnglists
                0x000002c8       0xdf ./Drivers/STM32L4xx_HAL_Driver/Src/stm32l4xx_hal.o
 .debug_rnglists
                0x000003a7       0xda ./Drivers/STM32L4xx_HAL_Driver/Src/stm32l4xx_hal_cortex.o
 .debug_rnglists
                0x00000481       0x3f ./Drivers/STM32L4xx_HAL_Driver/Src/stm32l4xx_hal_gpio.o
 .debug_rnglists
                0x000004c0      0x115 ./Drivers/STM32L4xx_HAL_Driver/Src/stm32l4xx_hal_pwr_ex.o
 .debug_rnglists
                0x000005d5       0x74 ./Drivers/STM32L4xx_HAL_Driver/Src/stm32l4xx_hal_rcc.o
 .debug_rnglists
                0x00000649      0x178 ./Drivers/STM32L4xx_HAL_Driver/Src/stm32l4xx_hal_spi.o

.debug_frame    0x00000000     0x2e2c
 .debug_frame   0x00000000       0xf0 ./Core/Src/main.o
 .debug_frame   0x000000f0       0x80 ./Core/Src/stm32l4xx_hal_msp.o
 .debug_frame   0x00000170      0x13c ./Core/Src/stm32l4xx_it.o
 .debug_frame   0x000002ac       0x34 ./Core/Src/sysmem.o
 .debug_frame   0x000002e0       0x58 ./Core/Src/system_stm32l4xx.o
 .debug_frame   0x00000338      0x1ec ./Core/Src/ui.o
 .debug_frame   0x00000524      0x53c ./Core/Src/z_displ_ST7735.o
 .debug_frame   0x00000a60      0x300 ./Core/Src/z_displ_ST7735_test.o
 .debug_frame   0x00000d60      0x498 ./Drivers/STM32L4xx_HAL_Driver/Src/stm32l4xx_hal.o
 .debug_frame   0x000011f8      0x4e8 ./Drivers/STM32L4xx_HAL_Driver/Src/stm32l4xx_hal_cortex.o
 .debug_frame   0x000016e0      0x14c ./Drivers/STM32L4xx_HAL_Driver/Src/stm32l4xx_hal_gpio.o
 .debug_frame   0x0000182c      0x5c4 ./Drivers/STM32L4xx_HAL_Driver/Src/stm32l4xx_hal_pwr_ex.o
 .debug_frame   0x00001df0      0x248 ./Drivers/STM32L4xx_HAL_Driver/Src/stm32l4xx_hal_rcc.o
 .debug_frame   0x00002038      0x860 ./Drivers/STM32L4xx_HAL_Driver/Src/stm32l4xx_hal_spi.o
 .debug_frame   0x00002898      0x144 C:/ST/STM32CubeIDE_1.17.0/STM32CubeIDE/plugins/com.st.stm32cube.ide.mcu.externaltools.gnu-tools-for-stm32.12.3.rel1.win32_1.1.0.202410251130/tools/bin/../lib/gcc/arm-none-eabi/12.3.1/../../../../arm-none-eabi/lib/thumb/v7e-m+fp/hard\libc_nano.a(libc_a-findfp.o)
 .debug_frame   0x000029dc       0x7c C:/ST/STM32CubeIDE_1.17.0/STM32CubeIDE/plugins/com.st.stm32cube.ide.mcu.externaltools.gnu-tools-for-stm32.12.3.rel1.win32_1.1.0.202410251130/tools/bin/../lib/gcc/arm-none-eabi/12.3.1/../../../../arm-none-eabi/lib/thumb/v7e-m+fp/hard\libc_nano.a(libc_a-snprintf.o)
 .debug_frame   0x00002a58       0x20 C:/ST/STM32CubeIDE_1.17.0/STM32CubeIDE/plugins/com.st.stm32cube.ide.mcu.externaltools.gnu-tools-for-stm32.12.3.rel1.win32_1.1.0.202410251130/tools/bin/../lib/gcc/arm-none-eabi/12.3.1/../../../../arm-none-eabi/lib/thumb/v7e-m+fp/hard\libc_nano.a(libc_a-memset.o)
 .debug_frame   0x00002a78       0x38 C:/ST/STM32CubeIDE_1.17.0/STM32CubeIDE/plugins/com.st.stm32cube.ide.mcu.externaltools.gnu-tools-for-stm32.12.3.rel1.win32_1.1.0.202410251130/tools/bin/../lib/gcc/arm-none-eabi/12.3.1/../../../../arm-none-eabi/lib/thumb/v7e-m+fp/hard\libc_nano.a(libc_a-reent.o)
 .debug_frame   0x00002ab0       0x20 C:/ST/STM32CubeIDE_1.17.0/STM32CubeIDE/plugins/com.st.stm32cube.ide.mcu.externaltools.gnu-tools-for-stm32.12.3.rel1.win32_1.1.0.202410251130/tools/bin/../lib/gcc/arm-none-eabi/12.3.1/../../../../arm-none-eabi/lib/thumb/v7e-m+fp/hard\libc_nano.a(libc_a-errno.o)
 .debug_frame   0x00002ad0       0x2c C:/ST/STM32CubeIDE_1.17.0/STM32CubeIDE/plugins/com.st.stm32cube.ide.mcu.externaltools.gnu-tools-for-stm32.12.3.rel1.win32_1.1.0.202410251130/tools/bin/../lib/gcc/arm-none-eabi/12.3.1/../../../../arm-none-eabi/lib/thumb/v7e-m+fp/hard\libc_nano.a(libc_a-init.o)
 .debug_frame   0x00002afc       0xb0 C:/ST/STM32CubeIDE_1.17.0/STM32CubeIDE/plugins/com.st.stm32cube.ide.mcu.externaltools.gnu-tools-for-stm32.12.3.rel1.win32_1.1.0.202410251130/tools/bin/../lib/gcc/arm-none-eabi/12.3.1/../../../../arm-none-eabi/lib/thumb/v7e-m+fp/hard\libc_nano.a(libc_a-lock.o)
 .debug_frame   0x00002bac       0x38 C:/ST/STM32CubeIDE_1.17.0/STM32CubeIDE/plugins/com.st.stm32cube.ide.mcu.externaltools.gnu-tools-for-stm32.12.3.rel1.win32_1.1.0.202410251130/tools/bin/../lib/gcc/arm-none-eabi/12.3.1/../../../../arm-none-eabi/lib/thumb/v7e-m+fp/hard\libc_nano.a(libc_a-freer.o)
 .debug_frame   0x00002be4       0x50 C:/ST/STM32CubeIDE_1.17.0/STM32CubeIDE/plugins/com.st.stm32cube.ide.mcu.externaltools.gnu-tools-for-stm32.12.3.rel1.win32_1.1.0.202410251130/tools/bin/../lib/gcc/arm-none-eabi/12.3.1/../../../../arm-none-eabi/lib/thumb/v7e-m+fp/hard\libc_nano.a(libc_a-mallocr.o)
 .debug_frame   0x00002c34       0x30 C:/ST/STM32CubeIDE_1.17.0/STM32CubeIDE/plugins/com.st.stm32cube.ide.mcu.externaltools.gnu-tools-for-stm32.12.3.rel1.win32_1.1.0.202410251130/tools/bin/../lib/gcc/arm-none-eabi/12.3.1/../../../../arm-none-eabi/lib/thumb/v7e-m+fp/hard\libc_nano.a(libc_a-mlock.o)
 .debug_frame   0x00002c64       0x90 C:/ST/STM32CubeIDE_1.17.0/STM32CubeIDE/plugins/com.st.stm32cube.ide.mcu.externaltools.gnu-tools-for-stm32.12.3.rel1.win32_1.1.0.202410251130/tools/bin/../lib/gcc/arm-none-eabi/12.3.1/../../../../arm-none-eabi/lib/thumb/v7e-m+fp/hard\libc_nano.a(libc_a-nano-svfprintf.o)
 .debug_frame   0x00002cf4       0x60 C:/ST/STM32CubeIDE_1.17.0/STM32CubeIDE/plugins/com.st.stm32cube.ide.mcu.externaltools.gnu-tools-for-stm32.12.3.rel1.win32_1.1.0.202410251130/tools/bin/../lib/gcc/arm-none-eabi/12.3.1/../../../../arm-none-eabi/lib/thumb/v7e-m+fp/hard\libc_nano.a(libc_a-nano-vfprintf_i.o)
 .debug_frame   0x00002d54       0x28 C:/ST/STM32CubeIDE_1.17.0/STM32CubeIDE/plugins/com.st.stm32cube.ide.mcu.externaltools.gnu-tools-for-stm32.12.3.rel1.win32_1.1.0.202410251130/tools/bin/../lib/gcc/arm-none-eabi/12.3.1/../../../../arm-none-eabi/lib/thumb/v7e-m+fp/hard\libc_nano.a(libc_a-memmove.o)
 .debug_frame   0x00002d7c       0x2c C:/ST/STM32CubeIDE_1.17.0/STM32CubeIDE/plugins/com.st.stm32cube.ide.mcu.externaltools.gnu-tools-for-stm32.12.3.rel1.win32_1.1.0.202410251130/tools/bin/../lib/gcc/arm-none-eabi/12.3.1/../../../../arm-none-eabi/lib/thumb/v7e-m+fp/hard\libc_nano.a(libc_a-sbrkr.o)
 .debug_frame   0x00002da8       0x28 C:/ST/STM32CubeIDE_1.17.0/STM32CubeIDE/plugins/com.st.stm32cube.ide.mcu.externaltools.gnu-tools-for-stm32.12.3.rel1.win32_1.1.0.202410251130/tools/bin/../lib/gcc/arm-none-eabi/12.3.1/../../../../arm-none-eabi/lib/thumb/v7e-m+fp/hard\libc_nano.a(libc_a-memcpy-stub.o)
 .debug_frame   0x00002dd0       0x3c C:/ST/STM32CubeIDE_1.17.0/STM32CubeIDE/plugins/com.st.stm32cube.ide.mcu.externaltools.gnu-tools-for-stm32.12.3.rel1.win32_1.1.0.202410251130/tools/bin/../lib/gcc/arm-none-eabi/12.3.1/../../../../arm-none-eabi/lib/thumb/v7e-m+fp/hard\libc_nano.a(libc_a-reallocr.o)
 .debug_frame   0x00002e0c       0x20 C:/ST/STM32CubeIDE_1.17.0/STM32CubeIDE/plugins/com.st.stm32cube.ide.mcu.externaltools.gnu-tools-for-stm32.12.3.rel1.win32_1.1.0.202410251130/tools/bin/../lib/gcc/arm-none-eabi/12.3.1/../../../../arm-none-eabi/lib/thumb/v7e-m+fp/hard\libc_nano.a(libc_a-msizer.o)

.debug_line_str
                0x00000000       0x56
 .debug_line_str
                0x00000000       0x56 ./Core/Startup/startup_stm32l4s5vitx.o
